name, uuid, driver_version
NVIDIA L40, GPU-47053b1c-87c8-a0b2-c8a1-d1ff239f9775, 580.126.20
....
----------------------------------------------------------------------
Ran 4 tests in 1.430s

OK
Test project /mnt/main0/home/nclack/tmp/2026-09-05-pr264-l40-full/repo/build
    Start 12: test-test_multiarray_gpu
1/3 Test #12: test-test_multiarray_gpu .........   Passed    0.94 sec
    Start 19: test-test_compress_blosc_gpu
2/3 Test #19: test-test_compress_blosc_gpu .....   Passed    5.08 sec
    Start 20: test-test_zarr_readback_gpu
3/3 Test #20: test-test_zarr_readback_gpu ......   Passed    6.33 sec

100% tests passed, 0 tests failed out of 3

Total Test time (real) =  12.38 sec
1/1200 0__rand__1024__512__blosc-lz4__bit: 5.356 GiB/s, fold 1.4843
2/1200 0__xor__1024__64__blosc-zstd__none: 2.350 GiB/s, fold 6.5617
3/1200 0__rand__1024__256__blosc-lz4__bit: 7.193 GiB/s, fold 1.4843
4/1200 0__rand__256__256__blosc-zstd__byte: 2.272 GiB/s, fold 1.3424
5/1200 0__xor__1024__512__blosc-lz4__bit: 7.973 GiB/s, fold 21.658
6/1200 0__rand__256__256__blosc-zstd__bit: 2.838 GiB/s, fold 1.3855
7/1200 0__rand__1024__256__blosc-lz4__none: 7.692 GiB/s, fold 1.1193
8/1200 0__xor__256__16__blosc-zstd__none: 2.305 GiB/s, fold 5.4252
9/1200 0__rand__256__32__blosc-lz4__byte: 3.306 GiB/s, fold 1.0635
10/1200 0__xor__256__32__blosc-zstd__bit: 6.560 GiB/s, fold 95.465
11/1200 0__xor__1024__16__blosc-lz4__byte: 10.401 GiB/s, fold 3.5907
12/1200 0__rand__256__256__blosc-lz4__byte: 3.620 GiB/s, fold 1.1014
13/1200 0__xor__1024__256__blosc-zstd__bit: 6.171 GiB/s, fold 190.3
14/1200 0__rand__256__128__blosc-lz4__none: 8.461 GiB/s, fold 1.0393
15/1200 0__xor__256__64__blosc-lz4__bit: 9.600 GiB/s, fold 2.5369
16/1200 0__rand__1024__128__blosc-zstd__none: 1.576 GiB/s, fold 1.3081
17/1200 0__rand__1024__256__blosc-lz4__byte: 5.209 GiB/s, fold 1.1888
18/1200 0__rand__1024__16__blosc-zstd__bit: 2.115 GiB/s, fold 1.489
19/1200 0__rand__256__128__blosc-zstd__bit: 2.251 GiB/s, fold 1.3855
20/1200 0__rand__256__8__blosc-lz4__none: 8.804 GiB/s, fold 1.0392
21/1200 0__rand__256__256__blosc-lz4__bit: 5.682 GiB/s, fold 1.3783
22/1200 0__xor__256__128__blosc-zstd__bit: 4.809 GiB/s, fold 121.39
23/1200 0__xor__256__256__blosc-zstd__byte: 4.234 GiB/s, fold 16.182
24/1200 0__rand__256__16__blosc-zstd__bit: 2.098 GiB/s, fold 1.3823
25/1200 0__xor__256__8__blosc-lz4__none: 9.655 GiB/s, fold 1.9145
26/1200 0__rand__1024__32__blosc-lz4__byte: 3.000 GiB/s, fold 1.1453
27/1200 0__rand__1024__4__blosc-zstd__bit: 1.935 GiB/s, fold 1.4776
28/1200 0__xor__1024__8__blosc-zstd__bit: 4.722 GiB/s, fold 52.036
29/1200 0__rand__1024__128__blosc-lz4__byte: 3.107 GiB/s, fold 1.1799
30/1200 0__rand__256__4__blosc-zstd__byte: 1.604 GiB/s, fold 1.185
31/1200 0__xor__256__16__blosc-lz4__bit: 10.117 GiB/s, fold 2.4055
32/1200 0__xor__1024__1024__blosc-lz4__bit: 8.079 GiB/s, fold 131.02
33/1200 0__rand__1024__64__blosc-zstd__byte: 1.630 GiB/s, fold 1.3244
34/1200 0__xor__1024__16__blosc-lz4__bit: 9.950 GiB/s, fold 2.6904
35/1200 0__xor__1024__8__blosc-lz4__none: 8.637 GiB/s, fold 1.7666
36/1200 0__xor__1024__128__blosc-lz4__byte: 9.425 GiB/s, fold 4.433
37/1200 0__rand__1024__8__blosc-zstd__bit: 2.111 GiB/s, fold 1.4851
38/1200 0__xor__256__128__blosc-lz4__none: 5.071 GiB/s, fold 2.1588
39/1200 0__xor__256__16__blosc-lz4__none: 9.291 GiB/s, fold 2.031
40/1200 0__xor__1024__64__blosc-lz4__none: 7.698 GiB/s, fold 2.3343
41/1200 0__xor__1024__16__blosc-lz4__none: 8.551 GiB/s, fold 2.0711
42/1200 0__xor__1024__1024__blosc-lz4__none: 1.989 GiB/s, fold 2.864
43/1200 0__rand__1024__32__blosc-zstd__byte: 1.580 GiB/s, fold 1.3173
44/1200 0__rand__1024__256__blosc-zstd__byte: 1.697 GiB/s, fold 1.4459
45/1200 0__rand__1024__128__blosc-zstd__byte: 1.532 GiB/s, fold 1.451
46/1200 0__xor__1024__0__lz4__none: 2.009 GiB/s, fold 2.8641
47/1200 0__xor__256__32__blosc-lz4__bit: 9.910 GiB/s, fold 2.4868
48/1200 0__rand__1024__512__blosc-zstd__byte: 2.332 GiB/s, fold 1.4424
49/1200 0__xor__1024__512__blosc-zstd__none: 3.281 GiB/s, fold 7.6515
50/1200 0__xor__1024__0__zstd__none: 3.238 GiB/s, fold 7.7091
51/1200 0__rand__1024__16__blosc-lz4__none: 3.328 GiB/s, fold 1.1191
52/1200 0__rand__1024__0__zstd__none: 2.373 GiB/s, fold 1.3084
53/1200 0__xor__1024__1024__blosc-zstd__bit: 4.819 GiB/s, fold 360.65
54/1200 0__xor__1024__512__blosc-lz4__none: 3.273 GiB/s, fold 2.8123
55/1200 0__xor__1024__1024__blosc-lz4__byte: 3.008 GiB/s, fold 4.8295
56/1200 0__rand__1024__32__blosc-zstd__bit: 2.183 GiB/s, fold 1.4909
57/1200 0__rand__1024__64__blosc-lz4__byte: 2.885 GiB/s, fold 1.1631
58/1200 0__xor__1024__128__blosc-zstd__none: 2.331 GiB/s, fold 7.1221
59/1200 0__rand__1024__64__blosc-zstd__bit: 2.110 GiB/s, fold 1.4919
60/1200 0__rand__256__16__blosc-zstd__byte: 1.556 GiB/s, fold 1.2152
61/1200 0__xor__1024__4__blosc-lz4__byte: 10.586 GiB/s, fold 2.4474
62/1200 0__xor__1024__16__blosc-zstd__none: 1.982 GiB/s, fold 4.8667
63/1200 0__xor__1024__256__blosc-lz4__none: 5.017 GiB/s, fold 2.7037
64/1200 0__xor__1024__128__blosc-zstd__bit: 6.569 GiB/s, fold 136.86
65/1200 0__rand__256__256__blosc-zstd__none: 2.774 GiB/s, fold 1.2145
66/1200 0__rand__256__16__blosc-lz4__none: 3.660 GiB/s, fold 1.0393
67/1200 0__xor__1024__32__blosc-zstd__none: 2.004 GiB/s, fold 5.8145
68/1200 0__xor__256__8__blosc-lz4__byte: 10.577 GiB/s, fold 3.2796
69/1200 0__rand__256__4__blosc-zstd__none: 1.462 GiB/s, fold 1.1906
70/1200 0__xor__256__4__blosc-zstd__byte: 2.858 GiB/s, fold 5.0146
71/1200 0__rand__1024__16__blosc-lz4__byte: 3.217 GiB/s, fold 1.1306
72/1200 0__rand__256__64__blosc-zstd__none: 1.637 GiB/s, fold 1.2143
73/1200 0__xor__1024__4__blosc-zstd__byte: 2.509 GiB/s, fold 3.5503
74/1200 0__rand__256__64__blosc-lz4__byte: 3.841 GiB/s, fold 1.0801
75/1200 0__xor__1024__256__blosc-lz4__byte: 7.072 GiB/s, fold 4.4935
76/1200 0__rand__256__8__blosc-zstd__byte: 1.494 GiB/s, fold 1.2042
77/1200 0__xor__1024__512__blosc-lz4__byte: 4.784 GiB/s, fold 4.6285
78/1200 0__xor__1024__32__blosc-zstd__byte: 2.773 GiB/s, fold 10.571
79/1200 0__rand__1024__4__blosc-zstd__byte: 1.591 GiB/s, fold 1.2758
80/1200 0__rand__256__128__blosc-lz4__bit: 8.911 GiB/s, fold 1.3781
81/1200 0__rand__256__0__lz4__none: 5.907 GiB/s, fold 1.0357
82/1200 0__rand__256__128__blosc-lz4__byte: 5.939 GiB/s, fold 1.0957
83/1200 0__xor__256__128__blosc-zstd__byte: 5.028 GiB/s, fold 15.108
84/1200 0__rand__1024__128__blosc-lz4__bit: 4.229 GiB/s, fold 1.484
85/1200 0__rand__256__64__blosc-zstd__byte: 1.563 GiB/s, fold 1.2295
86/1200 0__rand__1024__64__blosc-zstd__none: 1.580 GiB/s, fold 1.3081
87/1200 0__rand__1024__1024__blosc-lz4__byte: 2.076 GiB/s, fold 1.194
88/1200 0__rand__1024__8__blosc-zstd__byte: 1.491 GiB/s, fold 1.2968
89/1200 0__xor__1024__512__blosc-zstd__bit: 5.308 GiB/s, fold 244.36
90/1200 0__rand__1024__256__blosc-zstd__none: 1.699 GiB/s, fold 1.3081
91/1200 0__rand__1024__4__blosc-lz4__byte: 10.045 GiB/s, fold 1.1186
92/1200 0__rand__256__4__blosc-lz4__bit: 10.856 GiB/s, fold 1.3702
93/1200 0__rand__256__8__blosc-lz4__bit: 10.798 GiB/s, fold 1.3739
94/1200 0__rand__1024__128__blosc-lz4__none: 3.615 GiB/s, fold 1.1193
95/1200 0__xor__1024__32__blosc-zstd__bit: 6.896 GiB/s, fold 106.65
96/1200 0__rand__256__16__blosc-lz4__byte: 3.444 GiB/s, fold 1.05
97/1200 0__rand__256__4__blosc-lz4__byte: 9.828 GiB/s, fold 1.0391
98/1200 0__rand__256__16__blosc-lz4__bit: 4.764 GiB/s, fold 1.3761
99/1200 0__rand__256__32__blosc-zstd__none: 1.618 GiB/s, fold 1.2131
100/1200 0__rand__1024__64__blosc-lz4__none: 3.070 GiB/s, fold 1.1192
101/1200 0__xor__1024__1024__blosc-zstd__byte: 3.448 GiB/s, fold 16.055
102/1200 0__xor__1024__8__blosc-lz4__bit: 10.356 GiB/s, fold 2.7993
103/1200 0__rand__256__64__blosc-zstd__bit: 1.939 GiB/s, fold 1.3851
104/1200 0__rand__1024__256__blosc-zstd__bit: 2.088 GiB/s, fold 1.4926
105/1200 0__xor__256__256__blosc-lz4__none: 3.066 GiB/s, fold 2.1701
106/1200 0__rand__1024__1024__blosc-zstd__bit: 3.155 GiB/s, fold 1.4929
107/1200 0__xor__256__8__blosc-zstd__byte: 3.394 GiB/s, fold 7.2061
108/1200 0__xor__1024__256__blosc-zstd__byte: 4.206 GiB/s, fold 15.198
109/1200 0__xor__1024__256__blosc-lz4__bit: 8.361 GiB/s, fold 10.09
110/1200 0__xor__256__8__blosc-zstd__none: 2.185 GiB/s, fold 4.5986
111/1200 0__xor__1024__64__blosc-zstd__bit: 6.959 GiB/s, fold 125.3
112/1200 0__rand__1024__1024__blosc-lz4__bit: 4.303 GiB/s, fold 1.4843
113/1200 0__xor__256__4__blosc-lz4__bit: 10.280 GiB/s, fold 2.5042
114/1200 0__xor__256__4__blosc-lz4__byte: 10.901 GiB/s, fold 2.7714
115/1200 0__xor__1024__128__blosc-zstd__byte: 3.255 GiB/s, fold 14.297
116/1200 0__xor__1024__256__blosc-zstd__none: 3.406 GiB/s, fold 7.4445
117/1200 0__rand__256__8__blosc-lz4__byte: 8.054 GiB/s, fold 1.0409
118/1200 0__xor__256__4__blosc-lz4__none: 9.901 GiB/s, fold 1.6735
119/1200 0__xor__256__32__blosc-lz4__none: 8.453 GiB/s, fold 2.0712
120/1200 0__rand__1024__512__blosc-zstd__none: 2.269 GiB/s, fold 1.3082
121/1200 0__xor__1024__128__blosc-lz4__bit: 8.804 GiB/s, fold 4.1438
122/1200 0__xor__256__64__blosc-lz4__byte: 10.033 GiB/s, fold 4.195
123/1200 0__xor__1024__8__blosc-lz4__byte: 10.729 GiB/s, fold 3.0069
124/1200 0__rand__256__8__blosc-zstd__none: 1.727 GiB/s, fold 1.205
125/1200 0__rand__1024__512__blosc-lz4__byte: 3.437 GiB/s, fold 1.1919
126/1200 0__xor__256__32__blosc-zstd__byte: 3.660 GiB/s, fold 11.207
127/1200 0__rand__1024__8__blosc-zstd__none: 1.713 GiB/s, fold 1.2977
128/1200 0__xor__256__128__blosc-lz4__byte: 7.929 GiB/s, fold 4.529
129/1200 0__rand__256__32__blosc-lz4__none: 3.511 GiB/s, fold 1.0393
130/1200 0__xor__1024__8__blosc-zstd__none: 2.112 GiB/s, fold 3.9613
131/1200 0__xor__256__16__blosc-zstd__byte: 3.776 GiB/s, fold 9.4146
132/1200 0__xor__1024__32__blosc-lz4__none: 8.561 GiB/s, fold 2.2495
133/1200 0__xor__1024__1024__blosc-zstd__none: 2.575 GiB/s, fold 7.7085
134/1200 0__xor__256__256__blosc-lz4__byte: 5.176 GiB/s, fold 4.5935
135/1200 0__xor__1024__32__blosc-lz4__bit: 9.494 GiB/s, fold 2.6459
136/1200 0__rand__1024__32__blosc-lz4__bit: 4.100 GiB/s, fold 1.4832
137/1200 0__rand__1024__8__blosc-lz4__none: 7.849 GiB/s, fold 1.1189
138/1200 0__rand__256__16__blosc-zstd__none: 1.653 GiB/s, fold 1.2109
139/1200 0__xor__256__256__blosc-zstd__bit: 5.499 GiB/s, fold 138.71
140/1200 0__xor__256__4__blosc-zstd__bit: 4.025 GiB/s, fold 32.105
141/1200 0__rand__256__8__blosc-zstd__bit: 1.859 GiB/s, fold 1.3789
142/1200 0__xor__1024__64__blosc-lz4__byte: 9.527 GiB/s, fold 4.2538
143/1200 0__xor__256__256__blosc-zstd__none: 3.292 GiB/s, fold 7.1948
144/1200 0__xor__1024__64__blosc-lz4__bit: 9.182 GiB/s, fold 2.7317
145/1200 0__rand__1024__1024__blosc-zstd__byte: 2.213 GiB/s, fold 1.4404
146/1200 0__rand__1024__16__blosc-zstd__byte: 1.737 GiB/s, fold 1.3089
147/1200 0__xor__1024__4__blosc-zstd__none: 1.751 GiB/s, fold 3.3325
148/1200 0__rand__256__4__blosc-zstd__bit: 1.953 GiB/s, fold 1.3725
149/1200 0__xor__1024__8__blosc-zstd__byte: 2.984 GiB/s, fold 5.3488
150/1200 0__rand__256__128__blosc-zstd__byte: 1.727 GiB/s, fold 1.347
151/1200 0__xor__1024__512__blosc-zstd__byte: 4.355 GiB/s, fold 15.79
152/1200 0__rand__1024__8__blosc-lz4__bit: 9.963 GiB/s, fold 1.4793
153/1200 0__rand__1024__512__blosc-zstd__bit: 2.876 GiB/s, fold 1.4929
154/1200 0__rand__1024__4__blosc-lz4__bit: 10.869 GiB/s, fold 1.4747
155/1200 0__xor__1024__64__blosc-zstd__byte: 3.352 GiB/s, fold 12.895
156/1200 0__xor__256__8__blosc-lz4__bit: 10.626 GiB/s, fold 2.4276
157/1200 0__xor__1024__4__blosc-zstd__bit: 5.268 GiB/s, fold 36.212
158/1200 0__xor__256__16__blosc-lz4__byte: 11.181 GiB/s, fold 3.6356
159/1200 0__rand__1024__4__blosc-zstd__none: 1.479 GiB/s, fold 1.2817
160/1200 0__rand__1024__1024__blosc-zstd__none: 2.667 GiB/s, fold 1.3083
161/1200 0__xor__256__8__blosc-zstd__bit: 6.549 GiB/s, fold 45.563
162/1200 0__xor__256__64__blosc-zstd__byte: 3.855 GiB/s, fold 13.612
163/1200 0__xor__256__128__blosc-lz4__bit: 7.244 GiB/s, fold 3.7976
164/1200 0__rand__256__64__blosc-lz4__bit: 5.641 GiB/s, fold 1.3781
165/1200 0__rand__1024__0__lz4__none: 3.585 GiB/s, fold 1.1153
166/1200 0__rand__1024__8__blosc-lz4__byte: 7.375 GiB/s, fold 1.1206
167/1200 0__xor__1024__4__blosc-lz4__bit: 10.286 GiB/s, fold 2.911
168/1200 0__rand__256__0__zstd__none: 2.791 GiB/s, fold 1.2145
169/1200 0__xor__256__32__blosc-lz4__byte: 10.249 GiB/s, fold 3.9232
170/1200 0__xor__1024__16__blosc-zstd__bit: 6.878 GiB/s, fold 78.173
171/1200 0__xor__256__0__zstd__none: 2.582 GiB/s, fold 7.1997
172/1200 0__rand__1024__16__blosc-zstd__none: 1.762 GiB/s, fold 1.3042
173/1200 0__rand__1024__32__blosc-zstd__none: 1.738 GiB/s, fold 1.3068
174/1200 0__rand__1024__16__blosc-lz4__bit: 4.578 GiB/s, fold 1.4818
175/1200 0__xor__256__16__blosc-zstd__bit: 6.828 GiB/s, fold 73.109
176/1200 0__rand__256__64__blosc-lz4__none: 4.419 GiB/s, fold 1.0393
177/1200 0__rand__256__128__blosc-zstd__none: 1.779 GiB/s, fold 1.2144
178/1200 0__xor__256__64__blosc-lz4__none: 8.000 GiB/s, fold 2.1479
179/1200 0__rand__1024__64__blosc-lz4__bit: 3.841 GiB/s, fold 1.4836
180/1200 0__rand__256__32__blosc-lz4__bit: 4.393 GiB/s, fold 1.3773
181/1200 0__xor__1024__16__blosc-zstd__byte: 3.000 GiB/s, fold 7.9187
182/1200 0__xor__256__4__blosc-zstd__none: 1.756 GiB/s, fold 3.7526
183/1200 0__rand__256__32__blosc-zstd__bit: 2.183 GiB/s, fold 1.3841
184/1200 0__rand__256__4__blosc-lz4__none: 9.934 GiB/s, fold 1.0391
185/1200 0__xor__1024__32__blosc-lz4__byte: 10.312 GiB/s, fold 3.9858
186/1200 0__rand__256__256__blosc-lz4__none: 5.677 GiB/s, fold 1.0392
187/1200 0__rand__1024__32__blosc-lz4__none: 3.102 GiB/s, fold 1.1192
188/1200 0__xor__1024__4__blosc-lz4__none: 9.227 GiB/s, fold 1.4686
189/1200 0__xor__256__256__blosc-lz4__bit: 7.197 GiB/s, fold 9.0188
190/1200 0__rand__1024__1024__blosc-lz4__none: 3.310 GiB/s, fold 1.1191
191/1200 0__xor__256__128__blosc-zstd__none: 3.511 GiB/s, fold 6.9757
192/1200 0__rand__1024__128__blosc-zstd__bit: 1.937 GiB/s, fold 1.4926
193/1200 0__xor__256__64__blosc-zstd__bit: 6.820 GiB/s, fold 112.23
194/1200 0__rand__256__32__blosc-zstd__byte: 1.540 GiB/s, fold 1.2228
195/1200 0__xor__256__32__blosc-zstd__none: 2.381 GiB/s, fold 6.0227
196/1200 0__xor__256__0__lz4__none: 3.073 GiB/s, fold 2.1706
197/1200 0__rand__1024__4__blosc-lz4__none: 10.544 GiB/s, fold 1.1186
198/1200 0__xor__1024__128__blosc-lz4__none: 7.178 GiB/s, fold 2.5136
199/1200 0__xor__256__64__blosc-zstd__none: 2.367 GiB/s, fold 6.6053
200/1200 0__rand__1024__512__blosc-lz4__none: 5.503 GiB/s, fold 1.1191
201/1200 1__rand__256__0__zstd__none: 2.816 GiB/s, fold 1.2145
202/1200 1__xor__256__16__blosc-zstd__none: 2.324 GiB/s, fold 5.4252
203/1200 1__xor__1024__32__blosc-zstd__byte: 3.342 GiB/s, fold 10.571
204/1200 1__rand__256__256__blosc-lz4__bit: 5.709 GiB/s, fold 1.3783
205/1200 1__rand__256__256__blosc-zstd__none: 2.813 GiB/s, fold 1.2145
206/1200 1__xor__256__32__blosc-lz4__bit: 10.097 GiB/s, fold 2.4868
207/1200 1__rand__1024__256__blosc-zstd__none: 1.764 GiB/s, fold 1.3081
208/1200 1__rand__256__256__blosc-lz4__none: 5.695 GiB/s, fold 1.0392
209/1200 1__xor__256__16__blosc-lz4__none: 9.304 GiB/s, fold 2.031
210/1200 1__rand__1024__16__blosc-lz4__bit: 4.590 GiB/s, fold 1.4818
211/1200 1__xor__256__4__blosc-zstd__none: 1.988 GiB/s, fold 3.7526
212/1200 1__xor__1024__32__blosc-lz4__byte: 10.378 GiB/s, fold 3.9858
213/1200 1__rand__1024__16__blosc-zstd__none: 1.727 GiB/s, fold 1.3042
214/1200 1__xor__1024__8__blosc-lz4__byte: 10.696 GiB/s, fold 3.0069
215/1200 1__xor__1024__128__blosc-lz4__none: 7.244 GiB/s, fold 2.5136
216/1200 1__xor__256__32__blosc-zstd__none: 2.132 GiB/s, fold 6.0227
217/1200 1__xor__1024__64__blosc-lz4__bit: 9.041 GiB/s, fold 2.7317
218/1200 1__xor__1024__8__blosc-zstd__bit: 4.287 GiB/s, fold 52.036
219/1200 1__rand__256__256__blosc-zstd__bit: 2.799 GiB/s, fold 1.3855
220/1200 1__rand__1024__8__blosc-lz4__byte: 7.425 GiB/s, fold 1.1206
221/1200 1__rand__1024__0__lz4__none: 3.731 GiB/s, fold 1.1153
222/1200 1__rand__1024__128__blosc-lz4__byte: 3.084 GiB/s, fold 1.1799
223/1200 1__rand__1024__256__blosc-lz4__none: 7.533 GiB/s, fold 1.1193
224/1200 1__xor__1024__32__blosc-zstd__none: 2.304 GiB/s, fold 5.8145
225/1200 1__xor__1024__128__blosc-lz4__bit: 8.812 GiB/s, fold 4.1438
226/1200 1__xor__1024__8__blosc-lz4__none: 8.539 GiB/s, fold 1.7666
227/1200 1__rand__256__8__blosc-lz4__byte: 8.015 GiB/s, fold 1.0409
228/1200 1__xor__256__8__blosc-zstd__none: 1.950 GiB/s, fold 4.5986
229/1200 1__rand__1024__16__blosc-zstd__bit: 1.895 GiB/s, fold 1.489
230/1200 1__rand__1024__128__blosc-zstd__byte: 1.456 GiB/s, fold 1.451
231/1200 1__rand__256__64__blosc-lz4__byte: 3.824 GiB/s, fold 1.0801
232/1200 1__rand__1024__1024__blosc-lz4__byte: 2.071 GiB/s, fold 1.194
233/1200 1__xor__1024__0__zstd__none: 3.163 GiB/s, fold 7.7091
234/1200 1__rand__1024__64__blosc-zstd__none: 1.560 GiB/s, fold 1.3081
235/1200 1__rand__256__4__blosc-zstd__bit: 1.955 GiB/s, fold 1.3725
236/1200 1__rand__1024__64__blosc-lz4__none: 3.085 GiB/s, fold 1.1192
237/1200 1__xor__256__64__blosc-zstd__byte: 3.209 GiB/s, fold 13.612
238/1200 1__xor__1024__8__blosc-zstd__byte: 2.587 GiB/s, fold 5.3488
239/1200 1__rand__1024__256__blosc-lz4__bit: 6.961 GiB/s, fold 1.4843
240/1200 1__xor__1024__4__blosc-zstd__none: 1.711 GiB/s, fold 3.3325
241/1200 1__rand__256__128__blosc-lz4__none: 8.356 GiB/s, fold 1.0393
242/1200 1__xor__1024__512__blosc-zstd__bit: 5.362 GiB/s, fold 244.36
243/1200 1__xor__256__4__blosc-zstd__byte: 2.848 GiB/s, fold 5.0146
244/1200 1__xor__256__64__blosc-lz4__none: 7.919 GiB/s, fold 2.1479
245/1200 1__xor__256__16__blosc-lz4__bit: 9.814 GiB/s, fold 2.4055
246/1200 1__xor__1024__64__blosc-zstd__byte: 2.888 GiB/s, fold 12.895
247/1200 1__rand__256__4__blosc-lz4__bit: 10.703 GiB/s, fold 1.3702
248/1200 1__rand__1024__8__blosc-lz4__bit: 10.139 GiB/s, fold 1.4793
249/1200 1__xor__1024__1024__blosc-lz4__byte: 3.052 GiB/s, fold 4.8295
250/1200 1__rand__1024__128__blosc-zstd__none: 1.592 GiB/s, fold 1.3081
251/1200 1__xor__1024__1024__blosc-zstd__byte: 3.009 GiB/s, fold 16.055
252/1200 1__rand__256__128__blosc-lz4__bit: 8.944 GiB/s, fold 1.3781
253/1200 1__xor__1024__32__blosc-lz4__none: 8.354 GiB/s, fold 2.2495
254/1200 1__rand__256__128__blosc-zstd__bit: 1.959 GiB/s, fold 1.3855
255/1200 1__xor__1024__32__blosc-zstd__bit: 6.962 GiB/s, fold 106.65
256/1200 1__xor__1024__512__blosc-lz4__none: 3.249 GiB/s, fold 2.8123
257/1200 1__xor__256__32__blosc-zstd__byte: 3.544 GiB/s, fold 11.207
258/1200 1__rand__1024__8__blosc-lz4__none: 7.948 GiB/s, fold 1.1189
259/1200 1__rand__1024__1024__blosc-lz4__bit: 4.305 GiB/s, fold 1.4843
260/1200 1__rand__256__8__blosc-zstd__bit: 2.034 GiB/s, fold 1.3789
261/1200 1__rand__1024__16__blosc-zstd__byte: 1.696 GiB/s, fold 1.3089
262/1200 1__rand__256__128__blosc-zstd__byte: 1.677 GiB/s, fold 1.347
263/1200 1__xor__256__256__blosc-zstd__byte: 4.474 GiB/s, fold 16.182
264/1200 1__rand__1024__64__blosc-lz4__bit: 3.825 GiB/s, fold 1.4836
265/1200 1__xor__256__256__blosc-lz4__byte: 5.202 GiB/s, fold 4.5935
266/1200 1__rand__1024__4__blosc-zstd__bit: 1.839 GiB/s, fold 1.4776
267/1200 1__rand__1024__256__blosc-lz4__byte: 5.202 GiB/s, fold 1.1888
268/1200 1__xor__256__8__blosc-lz4__byte: 10.331 GiB/s, fold 3.2796
269/1200 1__rand__256__4__blosc-zstd__byte: 1.433 GiB/s, fold 1.185
270/1200 1__rand__256__32__blosc-zstd__byte: 1.694 GiB/s, fold 1.2228
271/1200 1__rand__256__64__blosc-zstd__bit: 1.905 GiB/s, fold 1.3851
272/1200 1__rand__1024__128__blosc-zstd__bit: 1.928 GiB/s, fold 1.4926
273/1200 1__rand__256__4__blosc-zstd__none: 1.607 GiB/s, fold 1.1906
274/1200 1__xor__256__256__blosc-lz4__bit: 7.108 GiB/s, fold 9.0188
275/1200 1__xor__1024__256__blosc-zstd__bit: 6.184 GiB/s, fold 190.3
276/1200 1__rand__1024__512__blosc-lz4__byte: 3.406 GiB/s, fold 1.1919
277/1200 1__xor__1024__16__blosc-lz4__byte: 10.325 GiB/s, fold 3.5907
278/1200 1__rand__256__8__blosc-lz4__bit: 10.697 GiB/s, fold 1.3739
279/1200 1__rand__256__256__blosc-lz4__byte: 3.617 GiB/s, fold 1.1014
280/1200 1__xor__256__64__blosc-zstd__none: 2.389 GiB/s, fold 6.6053
281/1200 1__xor__1024__16__blosc-zstd__none: 2.013 GiB/s, fold 4.8667
282/1200 1__xor__1024__256__blosc-zstd__byte: 4.172 GiB/s, fold 15.198
283/1200 1__xor__1024__512__blosc-zstd__none: 2.785 GiB/s, fold 7.6515
284/1200 1__xor__1024__0__lz4__none: 1.989 GiB/s, fold 2.8641
285/1200 1__xor__1024__1024__blosc-zstd__bit: 5.027 GiB/s, fold 360.65
286/1200 1__xor__256__128__blosc-lz4__none: 5.054 GiB/s, fold 2.1588
287/1200 1__rand__256__64__blosc-zstd__none: 1.488 GiB/s, fold 1.2143
288/1200 1__xor__256__8__blosc-lz4__bit: 10.497 GiB/s, fold 2.4276
289/1200 1__xor__256__64__blosc-lz4__byte: 10.670 GiB/s, fold 4.195
290/1200 1__xor__256__128__blosc-lz4__bit: 7.239 GiB/s, fold 3.7976
291/1200 1__xor__1024__4__blosc-lz4__bit: 10.691 GiB/s, fold 2.911
292/1200 1__rand__1024__8__blosc-zstd__bit: 2.122 GiB/s, fold 1.4851
293/1200 1__rand__256__32__blosc-lz4__byte: 3.300 GiB/s, fold 1.0635
294/1200 1__rand__1024__8__blosc-zstd__byte: 1.699 GiB/s, fold 1.2968
295/1200 1__xor__256__16__blosc-lz4__byte: 10.778 GiB/s, fold 3.6356
296/1200 1__xor__1024__256__blosc-lz4__bit: 8.406 GiB/s, fold 10.09
297/1200 1__rand__1024__512__blosc-zstd__byte: 2.320 GiB/s, fold 1.4424
298/1200 1__xor__1024__4__blosc-lz4__byte: 10.785 GiB/s, fold 2.4474
299/1200 1__rand__256__4__blosc-lz4__none: 10.956 GiB/s, fold 1.0391
300/1200 1__rand__1024__512__blosc-zstd__none: 2.279 GiB/s, fold 1.3082
301/1200 1__xor__256__8__blosc-zstd__byte: 3.015 GiB/s, fold 7.2061
302/1200 1__xor__256__128__blosc-lz4__byte: 7.971 GiB/s, fold 4.529
303/1200 1__rand__1024__32__blosc-lz4__byte: 2.968 GiB/s, fold 1.1453
304/1200 1__xor__256__64__blosc-lz4__bit: 9.504 GiB/s, fold 2.5369
305/1200 1__rand__256__4__blosc-lz4__byte: 10.932 GiB/s, fold 1.0391
306/1200 1__xor__1024__128__blosc-zstd__bit: 6.645 GiB/s, fold 136.86
307/1200 1__rand__1024__256__blosc-zstd__byte: 1.702 GiB/s, fold 1.4459
308/1200 1__rand__1024__4__blosc-zstd__byte: 1.533 GiB/s, fold 1.2758
309/1200 1__rand__1024__512__blosc-zstd__bit: 2.424 GiB/s, fold 1.4929
310/1200 1__xor__1024__32__blosc-lz4__bit: 9.455 GiB/s, fold 2.6459
311/1200 1__xor__1024__512__blosc-zstd__byte: 4.416 GiB/s, fold 15.79
312/1200 1__xor__1024__4__blosc-lz4__none: 9.222 GiB/s, fold 1.4686
313/1200 1__xor__256__8__blosc-zstd__bit: 6.681 GiB/s, fold 45.563
314/1200 1__xor__1024__1024__blosc-zstd__none: 2.743 GiB/s, fold 7.7085
315/1200 1__rand__256__256__blosc-zstd__byte: 2.364 GiB/s, fold 1.3424
316/1200 1__rand__256__32__blosc-lz4__none: 3.507 GiB/s, fold 1.0393
317/1200 1__xor__1024__128__blosc-zstd__none: 2.023 GiB/s, fold 7.1221
318/1200 1__rand__1024__64__blosc-zstd__bit: 2.026 GiB/s, fold 1.4919
319/1200 1__xor__256__32__blosc-lz4__byte: 10.624 GiB/s, fold 3.9232
320/1200 1__rand__256__0__lz4__none: 5.851 GiB/s, fold 1.0357
321/1200 1__rand__1024__16__blosc-lz4__byte: 3.223 GiB/s, fold 1.1306
322/1200 1__xor__1024__1024__blosc-lz4__bit: 7.846 GiB/s, fold 131.02
323/1200 1__rand__256__16__blosc-zstd__none: 1.648 GiB/s, fold 1.2109
324/1200 1__rand__256__16__blosc-lz4__none: 3.649 GiB/s, fold 1.0393
325/1200 1__rand__1024__32__blosc-zstd__bit: 2.190 GiB/s, fold 1.4909
326/1200 1__xor__1024__64__blosc-zstd__bit: 6.739 GiB/s, fold 125.3
327/1200 1__rand__1024__4__blosc-lz4__bit: 10.766 GiB/s, fold 1.4747
328/1200 1__rand__1024__64__blosc-lz4__byte: 2.906 GiB/s, fold 1.1631
329/1200 1__xor__256__256__blosc-zstd__none: 3.286 GiB/s, fold 7.1948
330/1200 1__rand__1024__1024__blosc-zstd__bit: 3.138 GiB/s, fold 1.4929
331/1200 1__xor__1024__1024__blosc-lz4__none: 1.970 GiB/s, fold 2.864
332/1200 1__xor__1024__16__blosc-lz4__none: 8.335 GiB/s, fold 2.0711
333/1200 1__rand__256__16__blosc-zstd__bit: 2.214 GiB/s, fold 1.3823
334/1200 1__xor__1024__4__blosc-zstd__bit: 5.322 GiB/s, fold 36.212
335/1200 1__xor__1024__128__blosc-zstd__byte: 3.184 GiB/s, fold 14.297
336/1200 1__rand__256__128__blosc-zstd__none: 1.839 GiB/s, fold 1.2144
337/1200 1__rand__256__64__blosc-lz4__none: 4.454 GiB/s, fold 1.0393
338/1200 1__xor__256__4__blosc-zstd__bit: 4.225 GiB/s, fold 32.105
339/1200 1__xor__1024__64__blosc-zstd__none: 2.355 GiB/s, fold 6.5617
340/1200 1__xor__256__256__blosc-zstd__bit: 5.521 GiB/s, fold 138.71
341/1200 1__rand__1024__128__blosc-lz4__none: 3.617 GiB/s, fold 1.1193
342/1200 1__xor__256__256__blosc-lz4__none: 3.056 GiB/s, fold 2.1701
343/1200 1__xor__256__64__blosc-zstd__bit: 4.344 GiB/s, fold 112.23
344/1200 1__rand__1024__64__blosc-zstd__byte: 1.477 GiB/s, fold 1.3244
345/1200 1__rand__1024__32__blosc-lz4__none: 3.098 GiB/s, fold 1.1192
346/1200 1__rand__256__16__blosc-zstd__byte: 1.739 GiB/s, fold 1.2152
347/1200 1__xor__1024__512__blosc-lz4__bit: 7.890 GiB/s, fold 21.658
348/1200 1__xor__1024__64__blosc-lz4__byte: 9.558 GiB/s, fold 4.2538
349/1200 1__rand__1024__4__blosc-zstd__none: 1.595 GiB/s, fold 1.2817
350/1200 1__xor__256__8__blosc-lz4__none: 9.476 GiB/s, fold 1.9145
351/1200 1__rand__256__8__blosc-zstd__none: 1.723 GiB/s, fold 1.205
352/1200 1__rand__256__32__blosc-lz4__bit: 4.407 GiB/s, fold 1.3773
353/1200 1__rand__1024__4__blosc-lz4__none: 9.929 GiB/s, fold 1.1186
354/1200 1__xor__1024__256__blosc-lz4__none: 4.984 GiB/s, fold 2.7037
355/1200 1__rand__256__128__blosc-lz4__byte: 5.903 GiB/s, fold 1.0957
356/1200 1__xor__1024__256__blosc-lz4__byte: 7.050 GiB/s, fold 4.4935
357/1200 1__rand__256__16__blosc-lz4__byte: 3.461 GiB/s, fold 1.05
358/1200 1__rand__256__8__blosc-lz4__none: 8.813 GiB/s, fold 1.0392
359/1200 1__xor__256__128__blosc-zstd__bit: 6.541 GiB/s, fold 121.39
360/1200 1__xor__1024__512__blosc-lz4__byte: 4.690 GiB/s, fold 4.6285
361/1200 1__rand__256__16__blosc-lz4__bit: 4.719 GiB/s, fold 1.3761
362/1200 1__xor__1024__64__blosc-lz4__none: 7.991 GiB/s, fold 2.3343
363/1200 1__xor__256__4__blosc-lz4__byte: 10.836 GiB/s, fold 2.7714
364/1200 1__rand__1024__32__blosc-zstd__byte: 1.706 GiB/s, fold 1.3173
365/1200 1__xor__256__4__blosc-lz4__none: 10.041 GiB/s, fold 1.6735
366/1200 1__rand__1024__1024__blosc-zstd__byte: 1.905 GiB/s, fold 1.4404
367/1200 1__xor__256__32__blosc-lz4__none: 8.376 GiB/s, fold 2.0712
368/1200 1__rand__256__64__blosc-lz4__bit: 5.613 GiB/s, fold 1.3781
369/1200 1__xor__1024__128__blosc-lz4__byte: 9.505 GiB/s, fold 4.433
370/1200 1__rand__1024__1024__blosc-lz4__none: 3.739 GiB/s, fold 1.1191
371/1200 1__rand__1024__256__blosc-zstd__bit: 1.972 GiB/s, fold 1.4926
372/1200 1__rand__1024__16__blosc-lz4__none: 3.336 GiB/s, fold 1.1191
373/1200 1__xor__1024__4__blosc-zstd__byte: 2.058 GiB/s, fold 3.5503
374/1200 1__rand__256__32__blosc-zstd__bit: 2.191 GiB/s, fold 1.3841
375/1200 1__xor__1024__16__blosc-zstd__byte: 3.237 GiB/s, fold 7.9187
376/1200 1__xor__256__32__blosc-zstd__bit: 6.741 GiB/s, fold 95.465
377/1200 1__rand__1024__8__blosc-zstd__none: 1.575 GiB/s, fold 1.2977
378/1200 1__xor__256__4__blosc-lz4__bit: 10.704 GiB/s, fold 2.5042
379/1200 1__xor__1024__8__blosc-lz4__bit: 10.267 GiB/s, fold 2.7993
380/1200 1__xor__1024__16__blosc-lz4__bit: 9.947 GiB/s, fold 2.6904
381/1200 1__rand__1024__4__blosc-lz4__byte: 10.024 GiB/s, fold 1.1186
382/1200 1__rand__1024__32__blosc-lz4__bit: 4.110 GiB/s, fold 1.4832
383/1200 1__xor__256__0__zstd__none: 3.232 GiB/s, fold 7.1997
384/1200 1__xor__256__0__lz4__none: 3.101 GiB/s, fold 2.1706
385/1200 1__rand__1024__512__blosc-lz4__none: 5.569 GiB/s, fold 1.1191
386/1200 1__xor__1024__8__blosc-zstd__none: 2.084 GiB/s, fold 3.9613
387/1200 1__xor__256__16__blosc-zstd__bit: 5.143 GiB/s, fold 73.109
388/1200 1__rand__1024__512__blosc-lz4__bit: 5.437 GiB/s, fold 1.4843
389/1200 1__xor__1024__16__blosc-zstd__bit: 5.047 GiB/s, fold 78.173
390/1200 1__rand__1024__32__blosc-zstd__none: 1.592 GiB/s, fold 1.3068
391/1200 1__xor__1024__256__blosc-zstd__none: 3.405 GiB/s, fold 7.4445
392/1200 1__rand__256__64__blosc-zstd__byte: 1.414 GiB/s, fold 1.2295
393/1200 1__rand__1024__1024__blosc-zstd__none: 2.368 GiB/s, fold 1.3083
394/1200 1__xor__256__128__blosc-zstd__none: 2.716 GiB/s, fold 6.9757
395/1200 1__xor__256__128__blosc-zstd__byte: 4.865 GiB/s, fold 15.108
396/1200 1__rand__1024__128__blosc-lz4__bit: 4.265 GiB/s, fold 1.484
397/1200 1__rand__1024__0__zstd__none: 2.746 GiB/s, fold 1.3084
398/1200 1__rand__256__32__blosc-zstd__none: 1.550 GiB/s, fold 1.2131
399/1200 1__xor__256__16__blosc-zstd__byte: 3.723 GiB/s, fold 9.4146
400/1200 1__rand__256__8__blosc-zstd__byte: 1.710 GiB/s, fold 1.2042
401/1200 2__rand__1024__16__blosc-lz4__none: 3.339 GiB/s, fold 1.1191
402/1200 2__rand__1024__1024__blosc-zstd__none: 2.243 GiB/s, fold 1.3083
403/1200 2__rand__1024__4__blosc-lz4__none: 10.408 GiB/s, fold 1.1186
404/1200 2__xor__256__32__blosc-zstd__byte: 3.276 GiB/s, fold 11.207
405/1200 2__xor__1024__128__blosc-lz4__none: 7.503 GiB/s, fold 2.5136
406/1200 2__rand__1024__256__blosc-zstd__byte: 1.616 GiB/s, fold 1.4459
407/1200 2__rand__1024__64__blosc-lz4__none: 3.085 GiB/s, fold 1.1192
408/1200 2__xor__256__4__blosc-lz4__byte: 10.368 GiB/s, fold 2.7714
409/1200 2__xor__256__16__blosc-lz4__none: 9.188 GiB/s, fold 2.031
410/1200 2__xor__1024__1024__blosc-lz4__none: 1.980 GiB/s, fold 2.864
411/1200 2__rand__1024__4__blosc-zstd__byte: 1.584 GiB/s, fold 1.2758
412/1200 2__rand__1024__0__lz4__none: 3.637 GiB/s, fold 1.1153
413/1200 2__xor__256__256__blosc-lz4__bit: 7.151 GiB/s, fold 9.0188
414/1200 2__xor__1024__16__blosc-zstd__none: 2.255 GiB/s, fold 4.8667
415/1200 2__rand__256__256__blosc-zstd__bit: 2.757 GiB/s, fold 1.3855
416/1200 2__rand__1024__512__blosc-lz4__byte: 3.426 GiB/s, fold 1.1919
417/1200 2__xor__1024__4__blosc-zstd__bit: 4.171 GiB/s, fold 36.212
418/1200 2__rand__256__4__blosc-zstd__byte: 1.432 GiB/s, fold 1.185
419/1200 2__xor__1024__8__blosc-zstd__bit: 6.127 GiB/s, fold 52.036
420/1200 2__xor__256__0__lz4__none: 3.085 GiB/s, fold 2.1706
421/1200 2__xor__1024__512__blosc-zstd__none: 3.136 GiB/s, fold 7.6515
422/1200 2__rand__1024__512__blosc-zstd__bit: 2.450 GiB/s, fold 1.4929
423/1200 2__rand__256__32__blosc-lz4__byte: 3.306 GiB/s, fold 1.0635
424/1200 2__xor__256__256__blosc-zstd__byte: 3.345 GiB/s, fold 16.182
425/1200 2__rand__1024__8__blosc-lz4__none: 8.029 GiB/s, fold 1.1189
426/1200 2__rand__1024__64__blosc-lz4__byte: 2.901 GiB/s, fold 1.1631
427/1200 2__xor__1024__8__blosc-lz4__byte: 10.510 GiB/s, fold 3.0069
428/1200 2__rand__256__0__zstd__none: 2.638 GiB/s, fold 1.2145
429/1200 2__xor__256__8__blosc-zstd__byte: 3.357 GiB/s, fold 7.2061
430/1200 2__xor__1024__16__blosc-lz4__none: 8.536 GiB/s, fold 2.0711
431/1200 2__xor__1024__16__blosc-lz4__byte: 10.509 GiB/s, fold 3.5907
432/1200 2__rand__1024__32__blosc-lz4__byte: 2.997 GiB/s, fold 1.1453
433/1200 2__xor__1024__64__blosc-zstd__none: 2.155 GiB/s, fold 6.5617
434/1200 2__rand__1024__16__blosc-zstd__bit: 2.190 GiB/s, fold 1.489
435/1200 2__rand__256__64__blosc-lz4__none: 4.459 GiB/s, fold 1.0393
436/1200 2__rand__1024__1024__blosc-lz4__bit: 4.313 GiB/s, fold 1.4843
437/1200 2__rand__1024__128__blosc-lz4__byte: 3.110 GiB/s, fold 1.1799
438/1200 2__xor__1024__128__blosc-zstd__bit: 6.577 GiB/s, fold 136.86
439/1200 2__rand__256__256__blosc-zstd__none: 2.787 GiB/s, fold 1.2145
440/1200 2__rand__1024__1024__blosc-zstd__bit: 2.640 GiB/s, fold 1.4929
441/1200 2__xor__1024__1024__blosc-zstd__byte: 2.918 GiB/s, fold 16.055
442/1200 2__xor__256__16__blosc-zstd__byte: 3.704 GiB/s, fold 9.4146
443/1200 2__rand__1024__256__blosc-lz4__bit: 7.228 GiB/s, fold 1.4843
444/1200 2__rand__1024__64__blosc-zstd__none: 1.669 GiB/s, fold 1.3081
445/1200 2__xor__256__8__blosc-lz4__byte: 10.869 GiB/s, fold 3.2796
446/1200 2__xor__1024__64__blosc-lz4__bit: 9.000 GiB/s, fold 2.7317
447/1200 2__xor__1024__32__blosc-zstd__none: 2.082 GiB/s, fold 5.8145
448/1200 2__xor__256__8__blosc-zstd__none: 2.047 GiB/s, fold 4.5986
449/1200 2__xor__256__8__blosc-zstd__bit: 6.448 GiB/s, fold 45.563
450/1200 2__xor__1024__32__blosc-lz4__none: 8.401 GiB/s, fold 2.2495
451/1200 2__rand__256__0__lz4__none: 5.878 GiB/s, fold 1.0357
452/1200 2__rand__1024__8__blosc-lz4__bit: 9.977 GiB/s, fold 1.4793
453/1200 2__rand__256__32__blosc-lz4__none: 3.501 GiB/s, fold 1.0393
454/1200 2__rand__256__64__blosc-zstd__byte: 1.594 GiB/s, fold 1.2295
455/1200 2__xor__1024__128__blosc-lz4__bit: 8.762 GiB/s, fold 4.1438
456/1200 2__rand__1024__512__blosc-lz4__none: 5.467 GiB/s, fold 1.1191
457/1200 2__xor__256__128__blosc-zstd__byte: 4.978 GiB/s, fold 15.108
458/1200 2__rand__1024__32__blosc-zstd__byte: 1.707 GiB/s, fold 1.3173
459/1200 2__xor__1024__32__blosc-zstd__byte: 3.242 GiB/s, fold 10.571
460/1200 2__xor__1024__256__blosc-zstd__byte: 4.082 GiB/s, fold 15.198
461/1200 2__rand__1024__1024__blosc-lz4__byte: 2.074 GiB/s, fold 1.194
462/1200 2__rand__1024__32__blosc-zstd__none: 1.741 GiB/s, fold 1.3068
463/1200 2__rand__1024__32__blosc-lz4__none: 3.100 GiB/s, fold 1.1192
464/1200 2__xor__256__128__blosc-zstd__bit: 6.567 GiB/s, fold 121.39
465/1200 2__rand__256__256__blosc-lz4__byte: 3.631 GiB/s, fold 1.1014
466/1200 2__xor__1024__8__blosc-zstd__none: 1.872 GiB/s, fold 3.9613
467/1200 2__rand__256__4__blosc-lz4__none: 10.802 GiB/s, fold 1.0391
468/1200 2__rand__1024__0__zstd__none: 2.748 GiB/s, fold 1.3084
469/1200 2__rand__256__256__blosc-lz4__bit: 5.709 GiB/s, fold 1.3783
470/1200 2__rand__256__256__blosc-zstd__byte: 2.245 GiB/s, fold 1.3424
471/1200 2__rand__256__8__blosc-zstd__byte: 1.714 GiB/s, fold 1.2042
472/1200 2__rand__256__16__blosc-zstd__none: 1.773 GiB/s, fold 1.2109
473/1200 2__xor__256__16__blosc-zstd__bit: 4.235 GiB/s, fold 73.109
474/1200 2__xor__1024__512__blosc-zstd__bit: 5.232 GiB/s, fold 244.36
475/1200 2__rand__1024__128__blosc-lz4__none: 3.587 GiB/s, fold 1.1193
476/1200 2__xor__1024__16__blosc-zstd__bit: 6.562 GiB/s, fold 78.173
477/1200 2__xor__256__16__blosc-zstd__none: 1.976 GiB/s, fold 5.4252
478/1200 2__xor__256__32__blosc-lz4__bit: 10.054 GiB/s, fold 2.4868
479/1200 2__rand__256__4__blosc-zstd__none: 1.617 GiB/s, fold 1.1906
480/1200 2__rand__1024__256__blosc-zstd__none: 1.795 GiB/s, fold 1.3081
481/1200 2__rand__256__16__blosc-lz4__bit: 4.781 GiB/s, fold 1.3761
482/1200 2__xor__1024__256__blosc-lz4__none: 5.041 GiB/s, fold 2.7037
483/1200 2__xor__256__4__blosc-zstd__none: 1.901 GiB/s, fold 3.7526
484/1200 2__rand__256__8__blosc-lz4__none: 8.793 GiB/s, fold 1.0392
485/1200 2__xor__1024__256__blosc-lz4__byte: 7.091 GiB/s, fold 4.4935
486/1200 2__rand__256__64__blosc-zstd__none: 1.648 GiB/s, fold 1.2143
487/1200 2__rand__1024__128__blosc-lz4__bit: 4.199 GiB/s, fold 1.484
488/1200 2__xor__1024__128__blosc-lz4__byte: 9.516 GiB/s, fold 4.433
489/1200 2__xor__1024__0__zstd__none: 2.480 GiB/s, fold 7.7091
490/1200 2__rand__1024__4__blosc-lz4__bit: 11.229 GiB/s, fold 1.4747
491/1200 2__xor__256__32__blosc-zstd__none: 2.384 GiB/s, fold 6.0227
492/1200 2__xor__1024__64__blosc-zstd__bit: 7.174 GiB/s, fold 125.3
493/1200 2__rand__1024__256__blosc-zstd__bit: 2.084 GiB/s, fold 1.4926
494/1200 2__xor__256__32__blosc-lz4__none: 8.387 GiB/s, fold 2.0712
495/1200 2__rand__1024__64__blosc-zstd__bit: 2.100 GiB/s, fold 1.4919
496/1200 2__rand__1024__256__blosc-lz4__byte: 5.197 GiB/s, fold 1.1888
497/1200 2__rand__256__64__blosc-lz4__byte: 3.844 GiB/s, fold 1.0801
498/1200 2__rand__256__4__blosc-lz4__byte: 11.252 GiB/s, fold 1.0391
499/1200 2__xor__1024__32__blosc-zstd__bit: 7.001 GiB/s, fold 106.65
500/1200 2__xor__256__128__blosc-lz4__none: 5.101 GiB/s, fold 2.1588
501/1200 2__rand__1024__64__blosc-lz4__bit: 3.832 GiB/s, fold 1.4836
502/1200 2__xor__1024__512__blosc-zstd__byte: 3.688 GiB/s, fold 15.79
503/1200 2__xor__1024__1024__blosc-lz4__byte: 3.003 GiB/s, fold 4.8295
504/1200 2__xor__1024__4__blosc-lz4__none: 9.327 GiB/s, fold 1.4686
505/1200 2__rand__256__32__blosc-lz4__bit: 4.418 GiB/s, fold 1.3773
506/1200 2__xor__256__16__blosc-lz4__bit: 10.445 GiB/s, fold 2.4055
507/1200 2__xor__256__4__blosc-zstd__byte: 2.671 GiB/s, fold 5.0146
508/1200 2__rand__256__128__blosc-zstd__bit: 2.244 GiB/s, fold 1.3855
509/1200 2__xor__256__8__blosc-lz4__none: 9.573 GiB/s, fold 1.9145
510/1200 2__xor__1024__512__blosc-lz4__byte: 4.768 GiB/s, fold 4.6285
511/1200 2__rand__256__4__blosc-lz4__bit: 11.004 GiB/s, fold 1.3702
512/1200 2__rand__1024__16__blosc-zstd__none: 1.760 GiB/s, fold 1.3042
513/1200 2__xor__1024__256__blosc-lz4__bit: 8.301 GiB/s, fold 10.09
514/1200 2__rand__256__128__blosc-lz4__none: 8.397 GiB/s, fold 1.0393
515/1200 2__rand__1024__8__blosc-zstd__bit: 2.009 GiB/s, fold 1.4851
516/1200 2__rand__1024__1024__blosc-zstd__byte: 1.925 GiB/s, fold 1.4404
517/1200 2__xor__256__32__blosc-zstd__bit: 6.822 GiB/s, fold 95.465
518/1200 2__xor__1024__8__blosc-zstd__byte: 2.509 GiB/s, fold 5.3488
519/1200 2__rand__256__32__blosc-zstd__byte: 1.689 GiB/s, fold 1.2228
520/1200 2__rand__256__128__blosc-lz4__byte: 5.922 GiB/s, fold 1.0957
521/1200 2__xor__256__64__blosc-zstd__bit: 6.676 GiB/s, fold 112.23
522/1200 2__rand__1024__128__blosc-zstd__bit: 1.942 GiB/s, fold 1.4926
523/1200 2__xor__1024__512__blosc-lz4__bit: 7.920 GiB/s, fold 21.658
524/1200 2__rand__256__8__blosc-zstd__none: 1.599 GiB/s, fold 1.205
525/1200 2__rand__1024__16__blosc-lz4__byte: 3.213 GiB/s, fold 1.1306
526/1200 2__rand__256__16__blosc-zstd__byte: 1.738 GiB/s, fold 1.2152
527/1200 2__xor__1024__8__blosc-lz4__none: 8.685 GiB/s, fold 1.7666
528/1200 2__rand__256__32__blosc-zstd__bit: 2.197 GiB/s, fold 1.3841
529/1200 2__xor__256__128__blosc-lz4__bit: 7.308 GiB/s, fold 3.7976
530/1200 2__rand__1024__32__blosc-zstd__bit: 2.187 GiB/s, fold 1.4909
531/1200 2__xor__256__32__blosc-lz4__byte: 10.834 GiB/s, fold 3.9232
532/1200 2__xor__1024__64__blosc-lz4__byte: 9.576 GiB/s, fold 4.2538
533/1200 2__rand__1024__512__blosc-zstd__byte: 2.096 GiB/s, fold 1.4424
534/1200 2__rand__256__16__blosc-zstd__bit: 2.203 GiB/s, fold 1.3823
535/1200 2__xor__256__8__blosc-lz4__bit: 10.300 GiB/s, fold 2.4276
536/1200 2__rand__1024__512__blosc-zstd__none: 2.714 GiB/s, fold 1.3082
537/1200 2__rand__256__4__blosc-zstd__bit: 1.954 GiB/s, fold 1.3725
538/1200 2__rand__1024__128__blosc-zstd__none: 1.594 GiB/s, fold 1.3081
539/1200 2__xor__1024__128__blosc-zstd__byte: 3.200 GiB/s, fold 14.297
540/1200 2__rand__256__128__blosc-lz4__bit: 9.026 GiB/s, fold 1.3781
541/1200 2__rand__1024__8__blosc-zstd__byte: 1.666 GiB/s, fold 1.2968
542/1200 2__rand__256__64__blosc-zstd__bit: 2.068 GiB/s, fold 1.3851
543/1200 2__rand__1024__8__blosc-lz4__byte: 7.459 GiB/s, fold 1.1206
544/1200 2__xor__256__4__blosc-lz4__none: 9.935 GiB/s, fold 1.6735
545/1200 2__xor__256__64__blosc-zstd__none: 2.036 GiB/s, fold 6.6053
546/1200 2__xor__256__256__blosc-lz4__none: 3.071 GiB/s, fold 2.1701
547/1200 2__xor__256__256__blosc-lz4__byte: 5.230 GiB/s, fold 4.5935
548/1200 2__xor__1024__1024__blosc-lz4__bit: 8.040 GiB/s, fold 131.02
549/1200 2__xor__256__256__blosc-zstd__bit: 5.047 GiB/s, fold 138.71
550/1200 2__xor__256__64__blosc-lz4__byte: 10.275 GiB/s, fold 4.195
551/1200 2__xor__256__128__blosc-zstd__none: 2.930 GiB/s, fold 6.9757
552/1200 2__xor__256__4__blosc-zstd__bit: 5.119 GiB/s, fold 32.105
553/1200 2__xor__1024__1024__blosc-zstd__bit: 4.709 GiB/s, fold 360.65
554/1200 2__rand__256__32__blosc-zstd__none: 1.750 GiB/s, fold 1.2131
555/1200 2__rand__256__16__blosc-lz4__byte: 3.453 GiB/s, fold 1.05
556/1200 2__rand__1024__512__blosc-lz4__bit: 5.507 GiB/s, fold 1.4843
557/1200 2__rand__1024__32__blosc-lz4__bit: 4.136 GiB/s, fold 1.4832
558/1200 2__rand__256__256__blosc-lz4__none: 5.704 GiB/s, fold 1.0392
559/1200 2__rand__1024__8__blosc-zstd__none: 1.575 GiB/s, fold 1.2977
560/1200 2__rand__256__16__blosc-lz4__none: 3.653 GiB/s, fold 1.0393
561/1200 2__xor__256__64__blosc-lz4__none: 8.044 GiB/s, fold 2.1479
562/1200 2__rand__1024__128__blosc-zstd__byte: 1.524 GiB/s, fold 1.451
563/1200 2__xor__256__128__blosc-lz4__byte: 7.951 GiB/s, fold 4.529
564/1200 2__rand__1024__16__blosc-zstd__byte: 1.579 GiB/s, fold 1.3089
565/1200 2__rand__256__128__blosc-zstd__byte: 1.590 GiB/s, fold 1.347
566/1200 2__xor__1024__4__blosc-lz4__byte: 10.787 GiB/s, fold 2.4474
567/1200 2__xor__1024__256__blosc-zstd__none: 2.776 GiB/s, fold 7.4445
568/1200 2__rand__256__128__blosc-zstd__none: 1.836 GiB/s, fold 1.2144
569/1200 2__rand__256__64__blosc-lz4__bit: 5.565 GiB/s, fold 1.3781
570/1200 2__xor__256__16__blosc-lz4__byte: 10.334 GiB/s, fold 3.6356
571/1200 2__xor__1024__8__blosc-lz4__bit: 10.261 GiB/s, fold 2.7993
572/1200 2__xor__256__64__blosc-zstd__byte: 3.833 GiB/s, fold 13.612
573/1200 2__xor__1024__4__blosc-zstd__none: 1.890 GiB/s, fold 3.3325
574/1200 2__rand__1024__16__blosc-lz4__bit: 4.571 GiB/s, fold 1.4818
575/1200 2__xor__256__256__blosc-zstd__none: 3.307 GiB/s, fold 7.1948
576/1200 2__rand__256__8__blosc-lz4__byte: 8.077 GiB/s, fold 1.0409
577/1200 2__rand__1024__4__blosc-zstd__bit: 1.916 GiB/s, fold 1.4776
578/1200 2__rand__1024__64__blosc-zstd__byte: 1.613 GiB/s, fold 1.3244
579/1200 2__xor__1024__64__blosc-zstd__byte: 2.878 GiB/s, fold 12.895
580/1200 2__rand__1024__256__blosc-lz4__none: 7.473 GiB/s, fold 1.1193
581/1200 2__xor__1024__512__blosc-lz4__none: 3.341 GiB/s, fold 2.8123
582/1200 2__xor__256__4__blosc-lz4__bit: 10.135 GiB/s, fold 2.5042
583/1200 2__xor__1024__4__blosc-zstd__byte: 2.486 GiB/s, fold 3.5503
584/1200 2__xor__256__0__zstd__none: 3.322 GiB/s, fold 7.1997
585/1200 2__rand__1024__4__blosc-zstd__none: 1.608 GiB/s, fold 1.2817
586/1200 2__xor__1024__0__lz4__none: 2.044 GiB/s, fold 2.8641
587/1200 2__xor__256__64__blosc-lz4__bit: 9.542 GiB/s, fold 2.5369
588/1200 2__rand__256__8__blosc-zstd__bit: 1.938 GiB/s, fold 1.3789
589/1200 2__rand__1024__1024__blosc-lz4__none: 3.505 GiB/s, fold 1.1191
590/1200 2__xor__1024__32__blosc-lz4__byte: 10.458 GiB/s, fold 3.9858
591/1200 2__xor__1024__256__blosc-zstd__bit: 4.753 GiB/s, fold 190.3
592/1200 2__xor__1024__1024__blosc-zstd__none: 2.736 GiB/s, fold 7.7085
593/1200 2__xor__1024__16__blosc-zstd__byte: 2.725 GiB/s, fold 7.9187
594/1200 2__xor__1024__64__blosc-lz4__none: 7.683 GiB/s, fold 2.3343
595/1200 2__rand__1024__4__blosc-lz4__byte: 10.162 GiB/s, fold 1.1186
596/1200 2__xor__1024__4__blosc-lz4__bit: 10.626 GiB/s, fold 2.911
597/1200 2__rand__256__8__blosc-lz4__bit: 11.035 GiB/s, fold 1.3739
598/1200 2__xor__1024__32__blosc-lz4__bit: 9.624 GiB/s, fold 2.6459
599/1200 2__xor__1024__128__blosc-zstd__none: 2.265 GiB/s, fold 7.1221
600/1200 2__xor__1024__16__blosc-lz4__bit: 9.965 GiB/s, fold 2.6904
601/1200 3__xor__256__64__blosc-zstd__bit: 4.557 GiB/s, fold 112.23
602/1200 3__rand__1024__32__blosc-lz4__bit: 4.148 GiB/s, fold 1.4832
603/1200 3__rand__256__32__blosc-lz4__bit: 4.389 GiB/s, fold 1.3773
604/1200 3__rand__1024__16__blosc-lz4__none: 3.336 GiB/s, fold 1.1191
605/1200 3__xor__256__64__blosc-zstd__none: 2.389 GiB/s, fold 6.6053
606/1200 3__rand__256__8__blosc-zstd__none: 1.721 GiB/s, fold 1.205
607/1200 3__xor__1024__512__blosc-lz4__byte: 4.627 GiB/s, fold 4.6285
608/1200 3__xor__256__4__blosc-lz4__bit: 10.629 GiB/s, fold 2.5042
609/1200 3__rand__1024__128__blosc-zstd__bit: 1.911 GiB/s, fold 1.4926
610/1200 3__xor__256__256__blosc-zstd__bit: 3.591 GiB/s, fold 138.71
611/1200 3__xor__256__32__blosc-zstd__bit: 6.663 GiB/s, fold 95.465
612/1200 3__rand__256__32__blosc-lz4__byte: 3.307 GiB/s, fold 1.0635
613/1200 3__xor__256__8__blosc-zstd__bit: 4.252 GiB/s, fold 45.563
614/1200 3__rand__1024__512__blosc-lz4__byte: 3.432 GiB/s, fold 1.1919
615/1200 3__xor__1024__32__blosc-zstd__bit: 5.049 GiB/s, fold 106.65
616/1200 3__xor__1024__512__blosc-lz4__none: 3.271 GiB/s, fold 2.8123
617/1200 3__rand__1024__512__blosc-lz4__none: 5.447 GiB/s, fold 1.1191
618/1200 3__rand__256__8__blosc-lz4__bit: 10.898 GiB/s, fold 1.3739
619/1200 3__rand__1024__1024__blosc-zstd__bit: 3.137 GiB/s, fold 1.4929
620/1200 3__rand__256__256__blosc-zstd__bit: 2.926 GiB/s, fold 1.3855
621/1200 3__rand__256__0__lz4__none: 5.895 GiB/s, fold 1.0357
622/1200 3__rand__256__0__zstd__none: 2.824 GiB/s, fold 1.2145
623/1200 3__rand__256__256__blosc-lz4__bit: 5.666 GiB/s, fold 1.3783
624/1200 3__xor__256__128__blosc-lz4__byte: 7.978 GiB/s, fold 4.529
625/1200 3__xor__1024__8__blosc-zstd__byte: 2.837 GiB/s, fold 5.3488
626/1200 3__xor__1024__64__blosc-lz4__none: 7.591 GiB/s, fold 2.3343
627/1200 3__rand__1024__0__lz4__none: 3.575 GiB/s, fold 1.1153
628/1200 3__rand__1024__8__blosc-lz4__none: 7.901 GiB/s, fold 1.1189
629/1200 3__xor__1024__1024__blosc-lz4__byte: 2.997 GiB/s, fold 4.8295
630/1200 3__rand__1024__32__blosc-lz4__byte: 2.967 GiB/s, fold 1.1453
631/1200 3__xor__256__4__blosc-lz4__byte: 10.339 GiB/s, fold 2.7714
632/1200 3__xor__1024__8__blosc-lz4__none: 8.537 GiB/s, fold 1.7666
633/1200 3__xor__256__64__blosc-lz4__bit: 9.570 GiB/s, fold 2.5369
634/1200 3__xor__1024__16__blosc-zstd__bit: 6.891 GiB/s, fold 78.173
635/1200 3__rand__1024__16__blosc-zstd__bit: 2.181 GiB/s, fold 1.489
636/1200 3__rand__256__256__blosc-lz4__byte: 3.624 GiB/s, fold 1.1014
637/1200 3__xor__256__8__blosc-zstd__byte: 3.393 GiB/s, fold 7.2061
638/1200 3__rand__1024__4__blosc-lz4__bit: 10.532 GiB/s, fold 1.4747
639/1200 3__rand__1024__256__blosc-lz4__bit: 7.175 GiB/s, fold 1.4843
640/1200 3__xor__256__32__blosc-zstd__none: 2.155 GiB/s, fold 6.0227
641/1200 3__xor__256__8__blosc-lz4__none: 9.598 GiB/s, fold 1.9145
642/1200 3__xor__1024__1024__blosc-lz4__bit: 7.960 GiB/s, fold 131.02
643/1200 3__rand__1024__64__blosc-zstd__none: 1.619 GiB/s, fold 1.3081
644/1200 3__rand__256__128__blosc-zstd__byte: 1.573 GiB/s, fold 1.347
645/1200 3__xor__1024__4__blosc-zstd__bit: 5.324 GiB/s, fold 36.212
646/1200 3__rand__1024__256__blosc-zstd__bit: 1.940 GiB/s, fold 1.4926
647/1200 3__xor__256__256__blosc-lz4__bit: 7.093 GiB/s, fold 9.0188
648/1200 3__rand__1024__4__blosc-zstd__none: 1.400 GiB/s, fold 1.2817
649/1200 3__rand__256__64__blosc-lz4__byte: 3.839 GiB/s, fold 1.0801
650/1200 3__xor__1024__8__blosc-lz4__bit: 10.299 GiB/s, fold 2.7993
651/1200 3__rand__256__256__blosc-lz4__none: 5.688 GiB/s, fold 1.0392
652/1200 3__xor__1024__1024__blosc-zstd__bit: 3.533 GiB/s, fold 360.65
653/1200 3__rand__256__256__blosc-zstd__none: 2.457 GiB/s, fold 1.2145
654/1200 3__rand__1024__16__blosc-zstd__none: 1.760 GiB/s, fold 1.3042
655/1200 3__xor__1024__256__blosc-zstd__none: 3.411 GiB/s, fold 7.4445
656/1200 3__xor__256__128__blosc-zstd__bit: 6.495 GiB/s, fold 121.39
657/1200 3__rand__256__32__blosc-zstd__bit: 1.905 GiB/s, fold 1.3841
658/1200 3__xor__1024__16__blosc-lz4__bit: 9.939 GiB/s, fold 2.6904
659/1200 3__rand__256__8__blosc-zstd__byte: 1.577 GiB/s, fold 1.2042
660/1200 3__rand__256__128__blosc-zstd__bit: 1.947 GiB/s, fold 1.3855
661/1200 3__rand__1024__16__blosc-lz4__bit: 4.586 GiB/s, fold 1.4818
662/1200 3__xor__1024__64__blosc-zstd__bit: 6.334 GiB/s, fold 125.3
663/1200 3__rand__1024__8__blosc-zstd__byte: 1.613 GiB/s, fold 1.2968
664/1200 3__rand__1024__4__blosc-lz4__none: 10.406 GiB/s, fold 1.1186
665/1200 3__rand__1024__128__blosc-lz4__none: 3.585 GiB/s, fold 1.1193
666/1200 3__rand__256__64__blosc-zstd__byte: 1.416 GiB/s, fold 1.2295
667/1200 3__xor__1024__64__blosc-lz4__byte: 9.507 GiB/s, fold 4.2538
668/1200 3__xor__1024__16__blosc-lz4__none: 8.267 GiB/s, fold 2.0711
669/1200 3__xor__256__8__blosc-lz4__byte: 10.196 GiB/s, fold 3.2796
670/1200 3__xor__1024__256__blosc-lz4__byte: 7.023 GiB/s, fold 4.4935
671/1200 3__xor__256__4__blosc-zstd__bit: 5.314 GiB/s, fold 32.105
672/1200 3__rand__256__16__blosc-zstd__byte: 1.737 GiB/s, fold 1.2152
673/1200 3__rand__1024__16__blosc-zstd__byte: 1.652 GiB/s, fold 1.3089
674/1200 3__rand__1024__1024__blosc-lz4__byte: 2.102 GiB/s, fold 1.194
675/1200 3__xor__256__256__blosc-zstd__byte: 3.331 GiB/s, fold 16.182
676/1200 3__rand__1024__32__blosc-zstd__bit: 2.168 GiB/s, fold 1.4909
677/1200 3__xor__1024__512__blosc-zstd__none: 2.684 GiB/s, fold 7.6515
678/1200 3__xor__1024__128__blosc-lz4__bit: 8.799 GiB/s, fold 4.1438
679/1200 3__xor__1024__16__blosc-zstd__none: 1.977 GiB/s, fold 4.8667
680/1200 3__rand__256__256__blosc-zstd__byte: 2.360 GiB/s, fold 1.3424
681/1200 3__xor__256__4__blosc-zstd__none: 1.759 GiB/s, fold 3.7526
682/1200 3__xor__1024__128__blosc-zstd__byte: 3.231 GiB/s, fold 14.297
683/1200 3__xor__256__4__blosc-lz4__none: 9.750 GiB/s, fold 1.6735
684/1200 3__rand__256__32__blosc-lz4__none: 3.502 GiB/s, fold 1.0393
685/1200 3__xor__1024__256__blosc-zstd__byte: 3.574 GiB/s, fold 15.198
686/1200 3__rand__256__128__blosc-zstd__none: 1.651 GiB/s, fold 1.2144
687/1200 3__xor__256__128__blosc-lz4__bit: 7.198 GiB/s, fold 3.7976
688/1200 3__rand__1024__32__blosc-lz4__none: 3.095 GiB/s, fold 1.1192
689/1200 3__xor__1024__16__blosc-zstd__byte: 3.230 GiB/s, fold 7.9187
690/1200 3__rand__1024__1024__blosc-lz4__none: 3.486 GiB/s, fold 1.1191
691/1200 3__rand__1024__512__blosc-zstd__none: 2.587 GiB/s, fold 1.3082
692/1200 3__xor__1024__0__lz4__none: 2.000 GiB/s, fold 2.8641
693/1200 3__rand__1024__8__blosc-lz4__bit: 9.972 GiB/s, fold 1.4793
694/1200 3__xor__256__256__blosc-lz4__none: 3.052 GiB/s, fold 2.1701
695/1200 3__xor__256__16__blosc-zstd__none: 2.302 GiB/s, fold 5.4252
696/1200 3__rand__1024__32__blosc-zstd__none: 1.730 GiB/s, fold 1.3068
697/1200 3__xor__256__16__blosc-lz4__bit: 9.913 GiB/s, fold 2.4055
698/1200 3__xor__1024__64__blosc-lz4__bit: 8.975 GiB/s, fold 2.7317
699/1200 3__rand__1024__64__blosc-lz4__none: 3.079 GiB/s, fold 1.1192
700/1200 3__rand__1024__512__blosc-zstd__byte: 2.241 GiB/s, fold 1.4424
701/1200 3__rand__256__32__blosc-zstd__byte: 1.535 GiB/s, fold 1.2228
702/1200 3__rand__1024__0__zstd__none: 2.150 GiB/s, fold 1.3084
703/1200 3__rand__1024__8__blosc-zstd__none: 1.578 GiB/s, fold 1.2977
704/1200 3__xor__256__128__blosc-zstd__none: 3.625 GiB/s, fold 6.9757
705/1200 3__xor__1024__4__blosc-lz4__bit: 10.624 GiB/s, fold 2.911
706/1200 3__xor__256__128__blosc-lz4__none: 5.031 GiB/s, fold 2.1588
707/1200 3__rand__1024__1024__blosc-zstd__byte: 2.235 GiB/s, fold 1.4404
708/1200 3__xor__1024__1024__blosc-zstd__byte: 3.589 GiB/s, fold 16.055
709/1200 3__rand__256__8__blosc-lz4__none: 8.730 GiB/s, fold 1.0392
710/1200 3__xor__1024__8__blosc-lz4__byte: 10.529 GiB/s, fold 3.0069
711/1200 3__rand__1024__128__blosc-zstd__byte: 1.498 GiB/s, fold 1.451
712/1200 3__xor__256__16__blosc-lz4__byte: 10.829 GiB/s, fold 3.6356
713/1200 3__xor__1024__256__blosc-lz4__bit: 8.404 GiB/s, fold 10.09
714/1200 3__xor__1024__32__blosc-lz4__none: 8.375 GiB/s, fold 2.2495
715/1200 3__xor__1024__16__blosc-lz4__byte: 10.476 GiB/s, fold 3.5907
716/1200 3__rand__256__4__blosc-lz4__byte: 10.658 GiB/s, fold 1.0391
717/1200 3__xor__256__128__blosc-zstd__byte: 5.027 GiB/s, fold 15.108
718/1200 3__rand__1024__64__blosc-lz4__byte: 2.902 GiB/s, fold 1.1631
719/1200 3__rand__1024__256__blosc-zstd__byte: 1.538 GiB/s, fold 1.4459
720/1200 3__xor__256__256__blosc-lz4__byte: 5.225 GiB/s, fold 4.5935
721/1200 3__xor__1024__8__blosc-zstd__none: 2.110 GiB/s, fold 3.9613
722/1200 3__xor__1024__4__blosc-zstd__byte: 2.478 GiB/s, fold 3.5503
723/1200 3__xor__1024__32__blosc-lz4__bit: 9.435 GiB/s, fold 2.6459
724/1200 3__rand__1024__4__blosc-lz4__byte: 10.019 GiB/s, fold 1.1186
725/1200 3__rand__1024__8__blosc-zstd__bit: 2.050 GiB/s, fold 1.4851
726/1200 3__rand__256__16__blosc-lz4__none: 3.653 GiB/s, fold 1.0393
727/1200 3__xor__1024__4__blosc-lz4__none: 9.169 GiB/s, fold 1.4686
728/1200 3__rand__256__4__blosc-zstd__byte: 1.451 GiB/s, fold 1.185
729/1200 3__rand__256__128__blosc-lz4__none: 8.412 GiB/s, fold 1.0393
730/1200 3__xor__1024__64__blosc-zstd__none: 2.351 GiB/s, fold 6.5617
731/1200 3__rand__1024__128__blosc-lz4__byte: 3.102 GiB/s, fold 1.1799
732/1200 3__xor__1024__128__blosc-lz4__none: 7.314 GiB/s, fold 2.5136
733/1200 3__rand__256__32__blosc-zstd__none: 1.744 GiB/s, fold 1.2131
734/1200 3__rand__256__4__blosc-lz4__bit: 11.108 GiB/s, fold 1.3702
735/1200 3__rand__1024__8__blosc-lz4__byte: 7.452 GiB/s, fold 1.1206
736/1200 3__xor__256__16__blosc-zstd__byte: 3.463 GiB/s, fold 9.4146
737/1200 3__xor__1024__256__blosc-lz4__none: 4.970 GiB/s, fold 2.7037
738/1200 3__rand__256__4__blosc-lz4__none: 11.037 GiB/s, fold 1.0391
739/1200 3__xor__1024__64__blosc-zstd__byte: 2.533 GiB/s, fold 12.895
740/1200 3__rand__1024__64__blosc-zstd__byte: 1.625 GiB/s, fold 1.3244
741/1200 3__xor__256__0__zstd__none: 2.875 GiB/s, fold 7.1997
742/1200 3__rand__1024__512__blosc-lz4__bit: 5.472 GiB/s, fold 1.4843
743/1200 3__xor__256__16__blosc-zstd__bit: 6.611 GiB/s, fold 73.109
744/1200 3__xor__1024__128__blosc-lz4__byte: 9.252 GiB/s, fold 4.433
745/1200 3__rand__256__8__blosc-lz4__byte: 8.064 GiB/s, fold 1.0409
746/1200 3__xor__256__32__blosc-zstd__byte: 3.208 GiB/s, fold 11.207
747/1200 3__rand__1024__4__blosc-zstd__bit: 1.939 GiB/s, fold 1.4776
748/1200 3__xor__1024__512__blosc-zstd__bit: 4.155 GiB/s, fold 244.36
749/1200 3__rand__256__16__blosc-lz4__byte: 3.469 GiB/s, fold 1.05
750/1200 3__rand__1024__512__blosc-zstd__bit: 2.712 GiB/s, fold 1.4929
751/1200 3__xor__1024__4__blosc-lz4__byte: 10.724 GiB/s, fold 2.4474
752/1200 3__xor__1024__128__blosc-zstd__bit: 5.842 GiB/s, fold 136.86
753/1200 3__rand__256__16__blosc-zstd__none: 1.763 GiB/s, fold 1.2109
754/1200 3__rand__256__8__blosc-zstd__bit: 2.133 GiB/s, fold 1.3789
755/1200 3__xor__256__16__blosc-lz4__none: 9.137 GiB/s, fold 2.031
756/1200 3__rand__1024__128__blosc-lz4__bit: 4.282 GiB/s, fold 1.484
757/1200 3__xor__1024__512__blosc-zstd__byte: 4.428 GiB/s, fold 15.79
758/1200 3__rand__256__4__blosc-zstd__bit: 1.965 GiB/s, fold 1.3725
759/1200 3__xor__256__8__blosc-zstd__none: 2.036 GiB/s, fold 4.5986
760/1200 3__rand__1024__256__blosc-zstd__none: 1.776 GiB/s, fold 1.3081
761/1200 3__rand__1024__128__blosc-zstd__none: 1.490 GiB/s, fold 1.3081
762/1200 3__rand__1024__256__blosc-lz4__byte: 5.184 GiB/s, fold 1.1888
763/1200 3__xor__1024__8__blosc-zstd__bit: 6.546 GiB/s, fold 52.036
764/1200 3__xor__256__64__blosc-zstd__byte: 2.932 GiB/s, fold 13.612
765/1200 3__xor__256__64__blosc-lz4__byte: 10.425 GiB/s, fold 4.195
766/1200 3__xor__256__256__blosc-zstd__none: 3.320 GiB/s, fold 7.1948
767/1200 3__xor__1024__32__blosc-lz4__byte: 10.259 GiB/s, fold 3.9858
768/1200 3__xor__256__32__blosc-lz4__bit: 9.791 GiB/s, fold 2.4868
769/1200 3__rand__256__128__blosc-lz4__bit: 9.028 GiB/s, fold 1.3781
770/1200 3__xor__256__32__blosc-lz4__byte: 10.774 GiB/s, fold 3.9232
771/1200 3__xor__1024__1024__blosc-lz4__none: 1.993 GiB/s, fold 2.864
772/1200 3__rand__256__64__blosc-zstd__none: 1.647 GiB/s, fold 1.2143
773/1200 3__xor__1024__4__blosc-zstd__none: 1.831 GiB/s, fold 3.3325
774/1200 3__xor__1024__0__zstd__none: 2.680 GiB/s, fold 7.7091
775/1200 3__rand__1024__32__blosc-zstd__byte: 1.710 GiB/s, fold 1.3173
776/1200 3__rand__1024__16__blosc-lz4__byte: 3.213 GiB/s, fold 1.1306
777/1200 3__xor__256__64__blosc-lz4__none: 7.951 GiB/s, fold 2.1479
778/1200 3__rand__256__16__blosc-lz4__bit: 4.726 GiB/s, fold 1.3761
779/1200 3__xor__1024__1024__blosc-zstd__none: 2.753 GiB/s, fold 7.7085
780/1200 3__rand__1024__64__blosc-lz4__bit: 3.818 GiB/s, fold 1.4836
781/1200 3__xor__256__8__blosc-lz4__bit: 10.284 GiB/s, fold 2.4276
782/1200 3__rand__256__4__blosc-zstd__none: 1.438 GiB/s, fold 1.1906
783/1200 3__xor__1024__32__blosc-zstd__none: 2.232 GiB/s, fold 5.8145
784/1200 3__rand__1024__1024__blosc-lz4__bit: 4.317 GiB/s, fold 1.4843
785/1200 3__xor__1024__256__blosc-zstd__bit: 6.181 GiB/s, fold 190.3
786/1200 3__rand__256__64__blosc-zstd__bit: 2.067 GiB/s, fold 1.3851
787/1200 3__rand__256__64__blosc-lz4__bit: 5.551 GiB/s, fold 1.3781
788/1200 3__rand__256__16__blosc-zstd__bit: 2.214 GiB/s, fold 1.3823
789/1200 3__rand__256__128__blosc-lz4__byte: 5.926 GiB/s, fold 1.0957
790/1200 3__xor__1024__128__blosc-zstd__none: 2.074 GiB/s, fold 7.1221
791/1200 3__xor__1024__32__blosc-zstd__byte: 3.175 GiB/s, fold 10.571
792/1200 3__xor__1024__512__blosc-lz4__bit: 7.938 GiB/s, fold 21.658
793/1200 3__xor__256__0__lz4__none: 3.051 GiB/s, fold 2.1706
794/1200 3__rand__1024__1024__blosc-zstd__none: 2.345 GiB/s, fold 1.3083
795/1200 3__xor__256__32__blosc-lz4__none: 8.323 GiB/s, fold 2.0712
796/1200 3__rand__1024__4__blosc-zstd__byte: 1.570 GiB/s, fold 1.2758
797/1200 3__rand__256__64__blosc-lz4__none: 4.453 GiB/s, fold 1.0393
798/1200 3__xor__256__4__blosc-zstd__byte: 2.860 GiB/s, fold 5.0146
799/1200 3__rand__1024__256__blosc-lz4__none: 7.641 GiB/s, fold 1.1193
800/1200 3__rand__1024__64__blosc-zstd__bit: 2.110 GiB/s, fold 1.4919
801/1200 4__xor__1024__512__blosc-zstd__none: 2.541 GiB/s, fold 7.6515
802/1200 4__xor__256__8__blosc-lz4__bit: 10.294 GiB/s, fold 2.4276
803/1200 4__rand__1024__16__blosc-zstd__byte: 1.728 GiB/s, fold 1.3089
804/1200 4__xor__256__8__blosc-lz4__byte: 10.739 GiB/s, fold 3.2796
805/1200 4__xor__1024__1024__blosc-zstd__none: 2.735 GiB/s, fold 7.7085
806/1200 4__rand__256__256__blosc-zstd__bit: 3.038 GiB/s, fold 1.3855
807/1200 4__xor__1024__64__blosc-zstd__none: 2.330 GiB/s, fold 6.5617
808/1200 4__rand__256__8__blosc-zstd__bit: 2.137 GiB/s, fold 1.3789
809/1200 4__rand__1024__0__lz4__none: 3.532 GiB/s, fold 1.1153
810/1200 4__rand__1024__8__blosc-zstd__bit: 2.101 GiB/s, fold 1.4851
811/1200 4__rand__1024__16__blosc-lz4__byte: 3.238 GiB/s, fold 1.1306
812/1200 4__rand__1024__4__blosc-zstd__byte: 1.588 GiB/s, fold 1.2758
813/1200 4__xor__1024__32__blosc-lz4__bit: 9.587 GiB/s, fold 2.6459
814/1200 4__xor__256__256__blosc-lz4__none: 3.033 GiB/s, fold 2.1701
815/1200 4__xor__256__128__blosc-zstd__none: 3.627 GiB/s, fold 6.9757
816/1200 4__xor__1024__128__blosc-zstd__bit: 5.057 GiB/s, fold 136.86
817/1200 4__rand__1024__32__blosc-zstd__byte: 1.502 GiB/s, fold 1.3173
818/1200 4__xor__1024__16__blosc-lz4__bit: 10.076 GiB/s, fold 2.6904
819/1200 4__xor__1024__512__blosc-lz4__bit: 7.948 GiB/s, fold 21.658
820/1200 4__xor__256__4__blosc-zstd__bit: 5.431 GiB/s, fold 32.105
821/1200 4__xor__1024__64__blosc-lz4__byte: 9.618 GiB/s, fold 4.2538
822/1200 4__xor__1024__8__blosc-zstd__bit: 4.720 GiB/s, fold 52.036
823/1200 4__rand__1024__64__blosc-zstd__none: 1.552 GiB/s, fold 1.3081
824/1200 4__xor__1024__64__blosc-lz4__bit: 8.903 GiB/s, fold 2.7317
825/1200 4__rand__1024__128__blosc-zstd__none: 1.513 GiB/s, fold 1.3081
826/1200 4__xor__256__4__blosc-lz4__bit: 10.165 GiB/s, fold 2.5042
827/1200 4__rand__1024__512__blosc-zstd__byte: 2.323 GiB/s, fold 1.4424
828/1200 4__rand__256__32__blosc-lz4__byte: 3.300 GiB/s, fold 1.0635
829/1200 4__rand__1024__256__blosc-lz4__none: 7.619 GiB/s, fold 1.1193
830/1200 4__rand__256__64__blosc-lz4__none: 4.381 GiB/s, fold 1.0393
831/1200 4__xor__1024__16__blosc-lz4__byte: 10.345 GiB/s, fold 3.5907
832/1200 4__rand__1024__1024__blosc-zstd__byte: 2.226 GiB/s, fold 1.4404
833/1200 4__xor__256__8__blosc-zstd__byte: 3.386 GiB/s, fold 7.2061
834/1200 4__xor__256__16__blosc-lz4__none: 9.107 GiB/s, fold 2.031
835/1200 4__rand__1024__1024__blosc-lz4__none: 3.487 GiB/s, fold 1.1191
836/1200 4__xor__256__256__blosc-zstd__byte: 3.701 GiB/s, fold 16.182
837/1200 4__rand__1024__8__blosc-lz4__none: 8.017 GiB/s, fold 1.1189
838/1200 4__rand__256__0__zstd__none: 2.838 GiB/s, fold 1.2145
839/1200 4__rand__256__128__blosc-zstd__none: 1.646 GiB/s, fold 1.2144
840/1200 4__xor__256__64__blosc-lz4__bit: 9.501 GiB/s, fold 2.5369
841/1200 4__xor__1024__16__blosc-lz4__none: 8.496 GiB/s, fold 2.0711
842/1200 4__xor__256__64__blosc-zstd__byte: 2.982 GiB/s, fold 13.612
843/1200 4__rand__1024__256__blosc-zstd__bit: 2.081 GiB/s, fold 1.4926
844/1200 4__rand__256__0__lz4__none: 5.862 GiB/s, fold 1.0357
845/1200 4__xor__1024__512__blosc-lz4__none: 3.281 GiB/s, fold 2.8123
846/1200 4__rand__256__256__blosc-lz4__none: 5.651 GiB/s, fold 1.0392
847/1200 4__rand__1024__64__blosc-lz4__byte: 2.911 GiB/s, fold 1.1631
848/1200 4__xor__256__128__blosc-lz4__byte: 7.935 GiB/s, fold 4.529
849/1200 4__rand__256__256__blosc-zstd__none: 2.614 GiB/s, fold 1.2145
850/1200 4__xor__1024__1024__blosc-zstd__byte: 3.563 GiB/s, fold 16.055
851/1200 4__rand__256__4__blosc-lz4__byte: 10.182 GiB/s, fold 1.0391
852/1200 4__xor__256__256__blosc-lz4__byte: 5.237 GiB/s, fold 4.5935
853/1200 4__rand__256__16__blosc-zstd__byte: 1.741 GiB/s, fold 1.2152
854/1200 4__rand__1024__4__blosc-lz4__bit: 11.322 GiB/s, fold 1.4747
855/1200 4__rand__256__32__blosc-zstd__bit: 1.996 GiB/s, fold 1.3841
856/1200 4__rand__256__16__blosc-lz4__byte: 3.453 GiB/s, fold 1.05
857/1200 4__xor__1024__4__blosc-zstd__bit: 5.324 GiB/s, fold 36.212
858/1200 4__xor__256__4__blosc-zstd__byte: 2.255 GiB/s, fold 5.0146
859/1200 4__rand__1024__32__blosc-lz4__bit: 4.168 GiB/s, fold 1.4832
860/1200 4__xor__1024__16__blosc-zstd__none: 2.238 GiB/s, fold 4.8667
861/1200 4__xor__256__64__blosc-lz4__byte: 10.565 GiB/s, fold 4.195
862/1200 4__rand__1024__64__blosc-lz4__none: 3.093 GiB/s, fold 1.1192
863/1200 4__xor__256__16__blosc-zstd__bit: 6.844 GiB/s, fold 73.109
864/1200 4__xor__1024__16__blosc-zstd__bit: 6.836 GiB/s, fold 78.173
865/1200 4__rand__1024__128__blosc-lz4__bit: 4.256 GiB/s, fold 1.484
866/1200 4__xor__1024__256__blosc-zstd__byte: 4.283 GiB/s, fold 15.198
867/1200 4__rand__1024__4__blosc-lz4__none: 10.656 GiB/s, fold 1.1186
868/1200 4__xor__256__4__blosc-lz4__byte: 10.703 GiB/s, fold 2.7714
869/1200 4__xor__1024__128__blosc-zstd__byte: 2.850 GiB/s, fold 14.297
870/1200 4__rand__256__64__blosc-zstd__bit: 1.820 GiB/s, fold 1.3851
871/1200 4__xor__256__4__blosc-lz4__none: 9.858 GiB/s, fold 1.6735
872/1200 4__xor__1024__64__blosc-zstd__byte: 3.344 GiB/s, fold 12.895
873/1200 4__rand__1024__512__blosc-lz4__bit: 5.472 GiB/s, fold 1.4843
874/1200 4__rand__256__8__blosc-lz4__byte: 8.015 GiB/s, fold 1.0409
875/1200 4__rand__256__16__blosc-lz4__none: 3.671 GiB/s, fold 1.0393
876/1200 4__xor__256__32__blosc-zstd__none: 2.384 GiB/s, fold 6.0227
877/1200 4__xor__1024__128__blosc-lz4__none: 7.228 GiB/s, fold 2.5136
878/1200 4__rand__1024__64__blosc-lz4__bit: 3.830 GiB/s, fold 1.4836
879/1200 4__xor__256__128__blosc-lz4__none: 5.064 GiB/s, fold 2.1588
880/1200 4__rand__1024__32__blosc-lz4__none: 3.105 GiB/s, fold 1.1192
881/1200 4__xor__1024__32__blosc-lz4__none: 8.460 GiB/s, fold 2.2495
882/1200 4__xor__1024__8__blosc-lz4__bit: 10.280 GiB/s, fold 2.7993
883/1200 4__rand__256__128__blosc-lz4__bit: 8.934 GiB/s, fold 1.3781
884/1200 4__xor__1024__4__blosc-lz4__bit: 10.543 GiB/s, fold 2.911
885/1200 4__xor__1024__512__blosc-zstd__byte: 4.154 GiB/s, fold 15.79
886/1200 4__rand__1024__128__blosc-zstd__byte: 1.458 GiB/s, fold 1.451
887/1200 4__xor__1024__1024__blosc-lz4__byte: 3.006 GiB/s, fold 4.8295
888/1200 4__xor__1024__256__blosc-zstd__bit: 3.895 GiB/s, fold 190.3
889/1200 4__xor__256__256__blosc-lz4__bit: 7.123 GiB/s, fold 9.0188
890/1200 4__rand__1024__512__blosc-zstd__bit: 2.880 GiB/s, fold 1.4929
891/1200 4__xor__256__16__blosc-lz4__byte: 10.186 GiB/s, fold 3.6356
892/1200 4__rand__1024__512__blosc-lz4__byte: 3.451 GiB/s, fold 1.1919
893/1200 4__rand__1024__256__blosc-zstd__byte: 1.589 GiB/s, fold 1.4459
894/1200 4__rand__1024__32__blosc-zstd__bit: 1.920 GiB/s, fold 1.4909
895/1200 4__rand__1024__512__blosc-lz4__none: 5.483 GiB/s, fold 1.1191
896/1200 4__xor__256__0__zstd__none: 2.732 GiB/s, fold 7.1997
897/1200 4__xor__1024__0__zstd__none: 2.595 GiB/s, fold 7.7091
898/1200 4__xor__1024__512__blosc-zstd__bit: 5.373 GiB/s, fold 244.36
899/1200 4__rand__256__32__blosc-lz4__none: 3.503 GiB/s, fold 1.0393
900/1200 4__rand__256__32__blosc-lz4__bit: 4.407 GiB/s, fold 1.3773
901/1200 4__rand__256__4__blosc-lz4__none: 10.997 GiB/s, fold 1.0391
902/1200 4__rand__1024__1024__blosc-lz4__byte: 2.067 GiB/s, fold 1.194
903/1200 4__rand__256__64__blosc-zstd__byte: 1.597 GiB/s, fold 1.2295
904/1200 4__xor__256__0__lz4__none: 3.072 GiB/s, fold 2.1706
905/1200 4__rand__256__4__blosc-zstd__bit: 1.951 GiB/s, fold 1.3725
906/1200 4__xor__1024__128__blosc-zstd__none: 2.086 GiB/s, fold 7.1221
907/1200 4__rand__256__4__blosc-zstd__byte: 1.595 GiB/s, fold 1.185
908/1200 4__xor__1024__8__blosc-lz4__none: 8.423 GiB/s, fold 1.7666
909/1200 4__rand__1024__32__blosc-lz4__byte: 2.991 GiB/s, fold 1.1453
910/1200 4__rand__1024__64__blosc-zstd__bit: 2.087 GiB/s, fold 1.4919
911/1200 4__rand__1024__128__blosc-lz4__none: 3.580 GiB/s, fold 1.1193
912/1200 4__xor__1024__8__blosc-zstd__none: 2.110 GiB/s, fold 3.9613
913/1200 4__rand__1024__16__blosc-zstd__bit: 2.201 GiB/s, fold 1.489
914/1200 4__xor__1024__128__blosc-lz4__byte: 9.511 GiB/s, fold 4.433
915/1200 4__xor__256__8__blosc-lz4__none: 9.552 GiB/s, fold 1.9145
916/1200 4__xor__256__128__blosc-zstd__byte: 4.355 GiB/s, fold 15.108
917/1200 4__xor__1024__1024__blosc-lz4__bit: 7.876 GiB/s, fold 131.02
918/1200 4__rand__256__4__blosc-zstd__none: 1.620 GiB/s, fold 1.1906
919/1200 4__rand__256__32__blosc-zstd__byte: 1.707 GiB/s, fold 1.2228
920/1200 4__xor__256__32__blosc-zstd__byte: 3.875 GiB/s, fold 11.207
921/1200 4__rand__256__64__blosc-lz4__byte: 3.843 GiB/s, fold 1.0801
922/1200 4__xor__256__4__blosc-zstd__none: 1.836 GiB/s, fold 3.7526
923/1200 4__rand__1024__4__blosc-lz4__byte: 10.030 GiB/s, fold 1.1186
924/1200 4__rand__256__256__blosc-lz4__bit: 5.730 GiB/s, fold 1.3783
925/1200 4__rand__1024__4__blosc-zstd__none: 1.607 GiB/s, fold 1.2817
926/1200 4__xor__256__8__blosc-zstd__bit: 4.830 GiB/s, fold 45.563
927/1200 4__rand__1024__1024__blosc-zstd__bit: 2.661 GiB/s, fold 1.4929
928/1200 4__xor__256__16__blosc-zstd__byte: 3.338 GiB/s, fold 9.4146
929/1200 4__rand__1024__16__blosc-lz4__bit: 4.576 GiB/s, fold 1.4818
930/1200 4__rand__256__4__blosc-lz4__bit: 11.066 GiB/s, fold 1.3702
931/1200 4__xor__1024__16__blosc-zstd__byte: 3.250 GiB/s, fold 7.9187
932/1200 4__rand__1024__16__blosc-lz4__none: 3.329 GiB/s, fold 1.1191
933/1200 4__rand__256__8__blosc-lz4__none: 8.830 GiB/s, fold 1.0392
934/1200 4__rand__1024__512__blosc-zstd__none: 2.546 GiB/s, fold 1.3082
935/1200 4__xor__1024__4__blosc-zstd__none: 1.736 GiB/s, fold 3.3325
936/1200 4__rand__1024__8__blosc-lz4__bit: 9.908 GiB/s, fold 1.4793
937/1200 4__xor__1024__512__blosc-lz4__byte: 4.809 GiB/s, fold 4.6285
938/1200 4__rand__256__128__blosc-zstd__bit: 2.032 GiB/s, fold 1.3855
939/1200 4__rand__256__8__blosc-zstd__none: 1.724 GiB/s, fold 1.205
940/1200 4__xor__1024__32__blosc-zstd__byte: 3.273 GiB/s, fold 10.571
941/1200 4__xor__1024__8__blosc-lz4__byte: 10.709 GiB/s, fold 3.0069
942/1200 4__xor__256__256__blosc-zstd__none: 2.591 GiB/s, fold 7.1948
943/1200 4__xor__1024__4__blosc-zstd__byte: 2.210 GiB/s, fold 3.5503
944/1200 4__xor__1024__1024__blosc-lz4__none: 2.004 GiB/s, fold 2.864
945/1200 4__xor__256__64__blosc-lz4__none: 8.018 GiB/s, fold 2.1479
946/1200 4__rand__1024__128__blosc-lz4__byte: 3.080 GiB/s, fold 1.1799
947/1200 4__xor__1024__256__blosc-lz4__none: 5.071 GiB/s, fold 2.7037
948/1200 4__rand__256__16__blosc-lz4__bit: 4.718 GiB/s, fold 1.3761
949/1200 4__xor__1024__64__blosc-zstd__bit: 4.511 GiB/s, fold 125.3
950/1200 4__xor__1024__32__blosc-zstd__bit: 6.957 GiB/s, fold 106.65
951/1200 4__rand__256__256__blosc-zstd__byte: 2.379 GiB/s, fold 1.3424
952/1200 4__rand__256__128__blosc-zstd__byte: 1.632 GiB/s, fold 1.347
953/1200 4__rand__256__8__blosc-lz4__bit: 10.703 GiB/s, fold 1.3739
954/1200 4__rand__1024__64__blosc-zstd__byte: 1.505 GiB/s, fold 1.3244
955/1200 4__xor__256__64__blosc-zstd__none: 2.395 GiB/s, fold 6.6053
956/1200 4__xor__256__128__blosc-zstd__bit: 6.577 GiB/s, fold 121.39
957/1200 4__xor__256__16__blosc-lz4__bit: 10.396 GiB/s, fold 2.4055
958/1200 4__rand__1024__8__blosc-zstd__byte: 1.706 GiB/s, fold 1.2968
959/1200 4__xor__256__32__blosc-zstd__bit: 6.846 GiB/s, fold 95.465
960/1200 4__rand__1024__32__blosc-zstd__none: 1.715 GiB/s, fold 1.3068
961/1200 4__rand__256__64__blosc-zstd__none: 1.466 GiB/s, fold 1.2143
962/1200 4__xor__1024__1024__blosc-zstd__bit: 4.718 GiB/s, fold 360.65
963/1200 4__xor__1024__0__lz4__none: 2.059 GiB/s, fold 2.8641
964/1200 4__xor__1024__32__blosc-zstd__none: 1.977 GiB/s, fold 5.8145
965/1200 4__rand__256__128__blosc-lz4__byte: 5.904 GiB/s, fold 1.0957
966/1200 4__rand__1024__8__blosc-zstd__none: 1.721 GiB/s, fold 1.2977
967/1200 4__xor__256__32__blosc-lz4__bit: 10.057 GiB/s, fold 2.4868
968/1200 4__rand__256__8__blosc-zstd__byte: 1.711 GiB/s, fold 1.2042
969/1200 4__xor__256__32__blosc-lz4__byte: 10.626 GiB/s, fold 3.9232
970/1200 4__rand__1024__256__blosc-lz4__bit: 7.133 GiB/s, fold 1.4843
971/1200 4__rand__256__16__blosc-zstd__none: 1.777 GiB/s, fold 1.2109
972/1200 4__rand__1024__16__blosc-zstd__none: 1.716 GiB/s, fold 1.3042
973/1200 4__xor__1024__64__blosc-lz4__none: 7.646 GiB/s, fold 2.3343
974/1200 4__xor__1024__256__blosc-zstd__none: 2.828 GiB/s, fold 7.4445
975/1200 4__xor__256__256__blosc-zstd__bit: 4.250 GiB/s, fold 138.71
976/1200 4__rand__256__32__blosc-zstd__none: 1.750 GiB/s, fold 1.2131
977/1200 4__xor__256__128__blosc-lz4__bit: 7.269 GiB/s, fold 3.7976
978/1200 4__xor__1024__128__blosc-lz4__bit: 8.901 GiB/s, fold 4.1438
979/1200 4__rand__1024__0__zstd__none: 2.704 GiB/s, fold 1.3084
980/1200 4__xor__256__16__blosc-zstd__none: 2.309 GiB/s, fold 5.4252
981/1200 4__xor__1024__4__blosc-lz4__byte: 10.921 GiB/s, fold 2.4474
982/1200 4__rand__1024__256__blosc-lz4__byte: 5.192 GiB/s, fold 1.1888
983/1200 4__xor__1024__256__blosc-lz4__bit: 8.395 GiB/s, fold 10.09
984/1200 4__rand__1024__1024__blosc-lz4__bit: 4.318 GiB/s, fold 1.4843
985/1200 4__xor__1024__4__blosc-lz4__none: 9.293 GiB/s, fold 1.4686
986/1200 4__rand__1024__4__blosc-zstd__bit: 1.934 GiB/s, fold 1.4776
987/1200 4__xor__1024__32__blosc-lz4__byte: 10.502 GiB/s, fold 3.9858
988/1200 4__rand__1024__8__blosc-lz4__byte: 7.392 GiB/s, fold 1.1206
989/1200 4__xor__1024__256__blosc-lz4__byte: 7.098 GiB/s, fold 4.4935
990/1200 4__xor__256__64__blosc-zstd__bit: 5.267 GiB/s, fold 112.23
991/1200 4__xor__256__8__blosc-zstd__none: 2.197 GiB/s, fold 4.5986
992/1200 4__rand__256__64__blosc-lz4__bit: 5.579 GiB/s, fold 1.3781
993/1200 4__rand__1024__256__blosc-zstd__none: 1.649 GiB/s, fold 1.3081
994/1200 4__rand__1024__1024__blosc-zstd__none: 2.316 GiB/s, fold 1.3083
995/1200 4__rand__1024__128__blosc-zstd__bit: 1.947 GiB/s, fold 1.4926
996/1200 4__rand__256__256__blosc-lz4__byte: 3.608 GiB/s, fold 1.1014
997/1200 4__xor__1024__8__blosc-zstd__byte: 2.980 GiB/s, fold 5.3488
998/1200 4__rand__256__128__blosc-lz4__none: 8.355 GiB/s, fold 1.0393
999/1200 4__rand__256__16__blosc-zstd__bit: 2.217 GiB/s, fold 1.3823
1000/1200 4__xor__256__32__blosc-lz4__none: 8.348 GiB/s, fold 2.0712
1001/1200 5__rand__1024__64__blosc-lz4__byte: 2.898 GiB/s, fold 1.1631
1002/1200 5__rand__256__32__blosc-zstd__none: 1.754 GiB/s, fold 1.2131
1003/1200 5__xor__1024__32__blosc-zstd__none: 2.320 GiB/s, fold 5.8145
1004/1200 5__xor__1024__4__blosc-lz4__none: 9.308 GiB/s, fold 1.4686
1005/1200 5__rand__256__256__blosc-lz4__bit: 5.696 GiB/s, fold 1.3783
1006/1200 5__xor__256__8__blosc-lz4__bit: 10.591 GiB/s, fold 2.4276
1007/1200 5__xor__1024__16__blosc-zstd__none: 2.255 GiB/s, fold 4.8667
1008/1200 5__xor__1024__8__blosc-zstd__none: 2.123 GiB/s, fold 3.9613
1009/1200 5__xor__256__4__blosc-zstd__bit: 3.821 GiB/s, fold 32.105
1010/1200 5__xor__1024__32__blosc-zstd__bit: 6.957 GiB/s, fold 106.65
1011/1200 5__rand__1024__4__blosc-zstd__none: 1.595 GiB/s, fold 1.2817
1012/1200 5__rand__1024__0__lz4__none: 3.443 GiB/s, fold 1.1153
1013/1200 5__xor__1024__1024__blosc-lz4__none: 1.985 GiB/s, fold 2.864
1014/1200 5__rand__1024__128__blosc-lz4__none: 3.520 GiB/s, fold 1.1193
1015/1200 5__rand__1024__16__blosc-zstd__byte: 1.626 GiB/s, fold 1.3089
1016/1200 5__rand__1024__32__blosc-lz4__byte: 2.986 GiB/s, fold 1.1453
1017/1200 5__xor__1024__4__blosc-lz4__byte: 10.681 GiB/s, fold 2.4474
1018/1200 5__rand__1024__512__blosc-lz4__byte: 3.560 GiB/s, fold 1.1919
1019/1200 5__rand__256__8__blosc-lz4__none: 8.727 GiB/s, fold 1.0392
1020/1200 5__xor__256__128__blosc-lz4__bit: 7.237 GiB/s, fold 3.7976
1021/1200 5__rand__256__16__blosc-lz4__bit: 4.768 GiB/s, fold 1.3761
1022/1200 5__rand__256__32__blosc-lz4__bit: 4.387 GiB/s, fold 1.3773
1023/1200 5__xor__256__0__zstd__none: 2.732 GiB/s, fold 7.1997
1024/1200 5__xor__256__256__blosc-zstd__none: 2.612 GiB/s, fold 7.1948
1025/1200 5__xor__1024__128__blosc-lz4__byte: 9.694 GiB/s, fold 4.433
1026/1200 5__rand__256__32__blosc-lz4__byte: 3.290 GiB/s, fold 1.0635
1027/1200 5__xor__256__8__blosc-zstd__none: 2.188 GiB/s, fold 4.5986
1028/1200 5__rand__1024__1024__blosc-zstd__byte: 2.225 GiB/s, fold 1.4404
1029/1200 5__xor__1024__4__blosc-zstd__bit: 3.625 GiB/s, fold 36.212
1030/1200 5__xor__256__4__blosc-zstd__byte: 2.854 GiB/s, fold 5.0146
1031/1200 5__rand__256__32__blosc-lz4__none: 3.501 GiB/s, fold 1.0393
1032/1200 5__rand__1024__1024__blosc-zstd__bit: 2.979 GiB/s, fold 1.4929
1033/1200 5__rand__256__4__blosc-zstd__none: 1.610 GiB/s, fold 1.1906
1034/1200 5__xor__256__64__blosc-zstd__bit: 5.948 GiB/s, fold 112.23
1035/1200 5__xor__1024__8__blosc-lz4__byte: 10.556 GiB/s, fold 3.0069
1036/1200 5__rand__1024__512__blosc-zstd__none: 2.692 GiB/s, fold 1.3082
1037/1200 5__xor__1024__8__blosc-zstd__bit: 6.406 GiB/s, fold 52.036
1038/1200 5__xor__256__16__blosc-lz4__none: 9.090 GiB/s, fold 2.031
1039/1200 5__rand__256__128__blosc-lz4__none: 8.525 GiB/s, fold 1.0393
1040/1200 5__rand__256__8__blosc-lz4__byte: 8.026 GiB/s, fold 1.0409
1041/1200 5__xor__1024__1024__blosc-lz4__byte: 3.012 GiB/s, fold 4.8295
1042/1200 5__xor__1024__0__zstd__none: 2.864 GiB/s, fold 7.7091
1043/1200 5__rand__1024__1024__blosc-lz4__none: 3.553 GiB/s, fold 1.1191
1044/1200 5__rand__256__64__blosc-zstd__byte: 1.576 GiB/s, fold 1.2295
1045/1200 5__xor__1024__128__blosc-lz4__bit: 9.020 GiB/s, fold 4.1438
1046/1200 5__rand__1024__8__blosc-lz4__byte: 7.464 GiB/s, fold 1.1206
1047/1200 5__xor__1024__512__blosc-lz4__none: 3.287 GiB/s, fold 2.8123
1048/1200 5__rand__1024__128__blosc-lz4__bit: 4.273 GiB/s, fold 1.484
1049/1200 5__xor__1024__16__blosc-zstd__bit: 5.226 GiB/s, fold 78.173
1050/1200 5__rand__256__16__blosc-lz4__byte: 3.447 GiB/s, fold 1.05
1051/1200 5__rand__1024__32__blosc-zstd__none: 1.573 GiB/s, fold 1.3068
1052/1200 5__xor__256__256__blosc-lz4__byte: 5.205 GiB/s, fold 4.5935
1053/1200 5__rand__1024__16__blosc-lz4__byte: 3.233 GiB/s, fold 1.1306
1054/1200 5__xor__1024__32__blosc-lz4__byte: 10.871 GiB/s, fold 3.9858
1055/1200 5__rand__1024__8__blosc-zstd__byte: 1.696 GiB/s, fold 1.2968
1056/1200 5__xor__256__32__blosc-zstd__none: 2.390 GiB/s, fold 6.0227
1057/1200 5__rand__1024__512__blosc-lz4__none: 5.480 GiB/s, fold 1.1191
1058/1200 5__xor__256__8__blosc-lz4__byte: 10.264 GiB/s, fold 3.2796
1059/1200 5__xor__1024__64__blosc-lz4__bit: 9.005 GiB/s, fold 2.7317
1060/1200 5__rand__256__16__blosc-zstd__bit: 2.179 GiB/s, fold 1.3823
1061/1200 5__rand__256__128__blosc-zstd__bit: 2.107 GiB/s, fold 1.3855
1062/1200 5__rand__256__8__blosc-zstd__none: 1.725 GiB/s, fold 1.205
1063/1200 5__xor__1024__1024__blosc-zstd__none: 3.244 GiB/s, fold 7.7085
1064/1200 5__xor__1024__32__blosc-lz4__bit: 9.661 GiB/s, fold 2.6459
1065/1200 5__rand__1024__16__blosc-lz4__none: 3.353 GiB/s, fold 1.1191
1066/1200 5__rand__1024__8__blosc-zstd__none: 1.715 GiB/s, fold 1.2977
1067/1200 5__rand__1024__32__blosc-zstd__byte: 1.709 GiB/s, fold 1.3173
1068/1200 5__xor__256__128__blosc-zstd__bit: 6.755 GiB/s, fold 121.39
1069/1200 5__xor__256__64__blosc-lz4__bit: 9.454 GiB/s, fold 2.5369
1070/1200 5__rand__256__0__lz4__none: 5.911 GiB/s, fold 1.0357
1071/1200 5__rand__1024__64__blosc-lz4__bit: 3.834 GiB/s, fold 1.4836
1072/1200 5__rand__1024__64__blosc-zstd__bit: 2.112 GiB/s, fold 1.4919
1073/1200 5__xor__1024__256__blosc-lz4__bit: 8.360 GiB/s, fold 10.09
1074/1200 5__rand__1024__512__blosc-zstd__bit: 2.893 GiB/s, fold 1.4929
1075/1200 5__xor__256__128__blosc-lz4__none: 5.063 GiB/s, fold 2.1588
1076/1200 5__rand__1024__256__blosc-zstd__none: 1.798 GiB/s, fold 1.3081
1077/1200 5__xor__1024__1024__blosc-zstd__bit: 5.011 GiB/s, fold 360.65
1078/1200 5__rand__256__64__blosc-lz4__byte: 3.838 GiB/s, fold 1.0801
1079/1200 5__rand__256__64__blosc-zstd__bit: 2.073 GiB/s, fold 1.3851
1080/1200 5__rand__1024__4__blosc-zstd__bit: 1.833 GiB/s, fold 1.4776
1081/1200 5__xor__1024__16__blosc-lz4__byte: 10.363 GiB/s, fold 3.5907
1082/1200 5__xor__256__32__blosc-zstd__bit: 4.769 GiB/s, fold 95.465
1083/1200 5__rand__256__64__blosc-lz4__bit: 5.580 GiB/s, fold 1.3781
1084/1200 5__rand__1024__32__blosc-lz4__none: 3.114 GiB/s, fold 1.1192
1085/1200 5__rand__1024__256__blosc-zstd__byte: 1.708 GiB/s, fold 1.4459
1086/1200 5__rand__1024__4__blosc-zstd__byte: 1.588 GiB/s, fold 1.2758
1087/1200 5__xor__256__32__blosc-zstd__byte: 3.848 GiB/s, fold 11.207
1088/1200 5__rand__256__8__blosc-zstd__byte: 1.697 GiB/s, fold 1.2042
1089/1200 5__xor__256__4__blosc-lz4__bit: 9.171 GiB/s, fold 2.5042
1090/1200 5__rand__256__128__blosc-lz4__bit: 9.032 GiB/s, fold 1.3781
1091/1200 5__rand__256__128__blosc-lz4__byte: 5.937 GiB/s, fold 1.0957
1092/1200 5__rand__1024__256__blosc-lz4__bit: 7.237 GiB/s, fold 1.4843
1093/1200 5__xor__256__64__blosc-lz4__none: 7.973 GiB/s, fold 2.1479
1094/1200 5__rand__1024__32__blosc-lz4__bit: 4.171 GiB/s, fold 1.4832
1095/1200 5__xor__256__4__blosc-zstd__none: 1.741 GiB/s, fold 3.7526
1096/1200 5__rand__1024__1024__blosc-lz4__bit: 4.325 GiB/s, fold 1.4843
1097/1200 5__xor__256__16__blosc-zstd__none: 2.313 GiB/s, fold 5.4252
1098/1200 5__xor__1024__256__blosc-zstd__none: 3.048 GiB/s, fold 7.4445
1099/1200 5__rand__256__4__blosc-lz4__none: 10.697 GiB/s, fold 1.0391
1100/1200 5__xor__1024__8__blosc-lz4__none: 8.722 GiB/s, fold 1.7666
1101/1200 5__xor__1024__64__blosc-zstd__bit: 4.505 GiB/s, fold 125.3
1102/1200 5__xor__256__32__blosc-lz4__none: 8.351 GiB/s, fold 2.0712
1103/1200 5__xor__256__16__blosc-zstd__byte: 3.722 GiB/s, fold 9.4146
1104/1200 5__xor__1024__256__blosc-lz4__none: 5.019 GiB/s, fold 2.7037
1105/1200 5__rand__1024__256__blosc-zstd__bit: 2.079 GiB/s, fold 1.4926
1106/1200 5__xor__1024__4__blosc-zstd__byte: 2.308 GiB/s, fold 3.5503
1107/1200 5__rand__1024__64__blosc-zstd__byte: 1.590 GiB/s, fold 1.3244
1108/1200 5__rand__1024__8__blosc-lz4__none: 7.919 GiB/s, fold 1.1189
1109/1200 5__xor__1024__0__lz4__none: 2.035 GiB/s, fold 2.8641
1110/1200 5__rand__1024__4__blosc-lz4__none: 10.390 GiB/s, fold 1.1186
1111/1200 5__xor__1024__64__blosc-zstd__byte: 3.365 GiB/s, fold 12.895
1112/1200 5__xor__256__256__blosc-zstd__byte: 4.508 GiB/s, fold 16.182
1113/1200 5__rand__1024__512__blosc-zstd__byte: 1.976 GiB/s, fold 1.4424
1114/1200 5__xor__256__128__blosc-lz4__byte: 7.823 GiB/s, fold 4.529
1115/1200 5__rand__1024__256__blosc-lz4__byte: 5.184 GiB/s, fold 1.1888
1116/1200 5__rand__256__4__blosc-lz4__byte: 10.813 GiB/s, fold 1.0391
1117/1200 5__rand__256__0__zstd__none: 2.830 GiB/s, fold 1.2145
1118/1200 5__rand__256__32__blosc-zstd__byte: 1.704 GiB/s, fold 1.2228
1119/1200 5__xor__1024__256__blosc-lz4__byte: 7.029 GiB/s, fold 4.4935
1120/1200 5__rand__256__8__blosc-lz4__bit: 10.690 GiB/s, fold 1.3739
1121/1200 5__xor__1024__16__blosc-lz4__bit: 10.009 GiB/s, fold 2.6904
1122/1200 5__rand__256__4__blosc-zstd__bit: 1.768 GiB/s, fold 1.3725
1123/1200 5__xor__256__8__blosc-zstd__byte: 3.312 GiB/s, fold 7.2061
1124/1200 5__rand__256__16__blosc-zstd__byte: 1.736 GiB/s, fold 1.2152
1125/1200 5__rand__256__16__blosc-zstd__none: 1.738 GiB/s, fold 1.2109
1126/1200 5__rand__1024__16__blosc-zstd__none: 1.609 GiB/s, fold 1.3042
1127/1200 5__xor__1024__1024__blosc-zstd__byte: 3.434 GiB/s, fold 16.055
1128/1200 5__rand__256__16__blosc-lz4__none: 3.654 GiB/s, fold 1.0393
1129/1200 5__xor__1024__16__blosc-lz4__none: 8.476 GiB/s, fold 2.0711
1130/1200 5__xor__256__64__blosc-zstd__none: 2.380 GiB/s, fold 6.6053
1131/1200 5__xor__1024__256__blosc-zstd__bit: 5.493 GiB/s, fold 190.3
1132/1200 5__xor__256__256__blosc-lz4__none: 3.034 GiB/s, fold 2.1701
1133/1200 5__rand__1024__256__blosc-lz4__none: 7.588 GiB/s, fold 1.1193
1134/1200 5__rand__256__4__blosc-zstd__byte: 1.586 GiB/s, fold 1.185
1135/1200 5__rand__1024__128__blosc-lz4__byte: 3.098 GiB/s, fold 1.1799
1136/1200 5__xor__256__64__blosc-lz4__byte: 10.623 GiB/s, fold 4.195
1137/1200 5__xor__1024__8__blosc-lz4__bit: 10.440 GiB/s, fold 2.7993
1138/1200 5__xor__256__64__blosc-zstd__byte: 3.757 GiB/s, fold 13.612
1139/1200 5__xor__1024__4__blosc-lz4__bit: 10.507 GiB/s, fold 2.911
1140/1200 5__xor__1024__256__blosc-zstd__byte: 4.159 GiB/s, fold 15.198
1141/1200 5__xor__256__128__blosc-zstd__none: 3.631 GiB/s, fold 6.9757
1142/1200 5__xor__1024__64__blosc-lz4__none: 7.708 GiB/s, fold 2.3343
1143/1200 5__rand__256__128__blosc-zstd__none: 1.851 GiB/s, fold 1.2144
1144/1200 5__xor__1024__512__blosc-zstd__byte: 3.360 GiB/s, fold 15.79
1145/1200 5__rand__1024__64__blosc-lz4__none: 3.071 GiB/s, fold 1.1192
1146/1200 5__xor__1024__128__blosc-zstd__bit: 4.540 GiB/s, fold 136.86
1147/1200 5__rand__256__8__blosc-zstd__bit: 1.921 GiB/s, fold 1.3789
1148/1200 5__xor__1024__512__blosc-lz4__byte: 4.708 GiB/s, fold 4.6285
1149/1200 5__rand__1024__64__blosc-zstd__none: 1.674 GiB/s, fold 1.3081
1150/1200 5__xor__256__0__lz4__none: 3.082 GiB/s, fold 2.1706
1151/1200 5__rand__1024__8__blosc-lz4__bit: 10.115 GiB/s, fold 1.4793
1152/1200 5__xor__256__16__blosc-lz4__byte: 10.821 GiB/s, fold 3.6356
1153/1200 5__rand__256__256__blosc-zstd__byte: 2.343 GiB/s, fold 1.3424
1154/1200 5__rand__1024__16__blosc-zstd__bit: 1.930 GiB/s, fold 1.489
1155/1200 5__xor__1024__128__blosc-zstd__none: 2.352 GiB/s, fold 7.1221
1156/1200 5__rand__256__4__blosc-lz4__bit: 11.565 GiB/s, fold 1.3702
1157/1200 5__rand__256__32__blosc-zstd__bit: 2.198 GiB/s, fold 1.3841
1158/1200 5__xor__1024__16__blosc-zstd__byte: 2.884 GiB/s, fold 7.9187
1159/1200 5__xor__256__16__blosc-lz4__bit: 10.379 GiB/s, fold 2.4055
1160/1200 5__xor__256__8__blosc-lz4__none: 9.546 GiB/s, fold 1.9145
1161/1200 5__xor__1024__128__blosc-zstd__byte: 3.053 GiB/s, fold 14.297
1162/1200 5__xor__1024__512__blosc-lz4__bit: 7.873 GiB/s, fold 21.658
1163/1200 5__rand__1024__8__blosc-zstd__bit: 2.122 GiB/s, fold 1.4851
1164/1200 5__rand__1024__512__blosc-lz4__bit: 5.466 GiB/s, fold 1.4843
1165/1200 5__xor__256__16__blosc-zstd__bit: 4.743 GiB/s, fold 73.109
1166/1200 5__rand__1024__32__blosc-zstd__bit: 1.916 GiB/s, fold 1.4909
1167/1200 5__rand__1024__4__blosc-lz4__byte: 10.037 GiB/s, fold 1.1186
1168/1200 5__rand__1024__4__blosc-lz4__bit: 11.176 GiB/s, fold 1.4747
1169/1200 5__rand__256__256__blosc-zstd__none: 2.801 GiB/s, fold 1.2145
1170/1200 5__xor__256__32__blosc-lz4__byte: 10.724 GiB/s, fold 3.9232
1171/1200 5__xor__1024__64__blosc-lz4__byte: 9.682 GiB/s, fold 4.2538
1172/1200 5__rand__1024__128__blosc-zstd__none: 1.591 GiB/s, fold 1.3081
1173/1200 5__rand__256__256__blosc-lz4__byte: 3.629 GiB/s, fold 1.1014
1174/1200 5__xor__256__8__blosc-zstd__bit: 6.597 GiB/s, fold 45.563
1175/1200 5__xor__1024__512__blosc-zstd__none: 2.623 GiB/s, fold 7.6515
1176/1200 5__rand__1024__128__blosc-zstd__byte: 1.534 GiB/s, fold 1.451
1177/1200 5__xor__256__256__blosc-zstd__bit: 5.570 GiB/s, fold 138.71
1178/1200 5__xor__1024__8__blosc-zstd__byte: 2.479 GiB/s, fold 5.3488
1179/1200 5__xor__256__128__blosc-zstd__byte: 4.980 GiB/s, fold 15.108
1180/1200 5__xor__1024__64__blosc-zstd__none: 2.076 GiB/s, fold 6.5617
1181/1200 5__rand__256__64__blosc-lz4__none: 4.453 GiB/s, fold 1.0393
1182/1200 5__rand__1024__1024__blosc-zstd__none: 2.685 GiB/s, fold 1.3083
1183/1200 5__xor__256__256__blosc-lz4__bit: 7.115 GiB/s, fold 9.0188
1184/1200 5__rand__256__128__blosc-zstd__byte: 1.737 GiB/s, fold 1.347
1185/1200 5__xor__1024__512__blosc-zstd__bit: 4.773 GiB/s, fold 244.36
1186/1200 5__rand__256__256__blosc-zstd__bit: 2.859 GiB/s, fold 1.3855
1187/1200 5__xor__256__4__blosc-lz4__none: 9.781 GiB/s, fold 1.6735
1188/1200 5__rand__256__256__blosc-lz4__none: 5.692 GiB/s, fold 1.0392
1189/1200 5__rand__1024__0__zstd__none: 2.468 GiB/s, fold 1.3084
1190/1200 5__rand__1024__16__blosc-lz4__bit: 4.589 GiB/s, fold 1.4818
1191/1200 5__rand__1024__128__blosc-zstd__bit: 1.933 GiB/s, fold 1.4926
1192/1200 5__xor__1024__1024__blosc-lz4__bit: 7.874 GiB/s, fold 131.02
1193/1200 5__rand__256__64__blosc-zstd__none: 1.581 GiB/s, fold 1.2143
1194/1200 5__xor__1024__4__blosc-zstd__none: 1.705 GiB/s, fold 3.3325
1195/1200 5__rand__1024__1024__blosc-lz4__byte: 2.083 GiB/s, fold 1.194
1196/1200 5__xor__256__4__blosc-lz4__byte: 10.358 GiB/s, fold 2.7714
1197/1200 5__xor__1024__128__blosc-lz4__none: 7.289 GiB/s, fold 2.5136
1198/1200 5__xor__1024__32__blosc-zstd__byte: 2.872 GiB/s, fold 10.571
1199/1200 5__xor__256__32__blosc-lz4__bit: 9.936 GiB/s, fold 2.4868
1200/1200 5__xor__1024__32__blosc-lz4__none: 8.464 GiB/s, fold 2.2495
Wrote 200 configuration summaries and 1200 individual executions
